Archive member included because of file (symbol)

c:/program files (x86)/microchip/xc32/v1.33/bin/bin/../../lib/gcc/pic32mx/4.5.2/../../../../pic32mx/lib/size/mips16/no-float\libmchp_peripheral.a(open_core_timer_lib.o)
                              build/PIC32/production/PIC32MX534F064H.o (OpenCoreTimer)
c:/program files (x86)/microchip/xc32/v1.33/bin/bin/../../lib/gcc/pic32mx/4.5.2/../../../../pic32mx/lib/size/mips16/no-float\libmchp_peripheral.a(read_core_timer_lib.o)
                              build/PIC32/production/PIC32MX534F064H.o (ReadCoreTimer)
c:/program files (x86)/microchip/xc32/v1.33/bin/bin/../../lib/gcc/pic32mx/4.5.2/../../../../pic32mx/lib/size/mips16/no-float\libmchp_peripheral_32MX534F064H.a(soft_reset_lib.o)
                              build/PIC32/production/io.o (SoftReset)
c:/program files (x86)/microchip/xc32/v1.33/bin/bin/../../lib/gcc/pic32mx/4.5.2/../../../../pic32mx/lib/size/mips16/no-float\libmchp_peripheral_32MX534F064H.a(int_disable_interrupts_lib.o)
                              build/PIC32/production/io.o (INTDisableInterrupts)
c:/program files (x86)/microchip/xc32/v1.33/bin/bin/../../lib/gcc/pic32mx/4.5.2/../../../../pic32mx/lib/size/mips16/no-float\libmchp_peripheral_32MX534F064H.a(int_restore_interrupts_lib.o)
                              build/PIC32/production/PIC32MX534F064H.o (INTRestoreInterrupts)
c:/program files (x86)/microchip/xc32/v1.33/bin/bin/../../lib/gcc/pic32mx/4.5.2/../../../../pic32mx/lib/size/mips16/no-float\libmchp_peripheral_32MX534F064H.a(int_tbl_lib.o)
                              build/PIC32/production/usb/usb_device.o (INTClearFlag)
c:/program files (x86)/microchip/xc32/v1.33/bin/bin/../../lib/gcc/pic32mx/4.5.2/../../../../pic32mx/lib/size/mips16/no-float\libmchp_peripheral_32MX534F064H.a(spi_chn_open_lib.o)
                              build/PIC32/production/main.o (SpiChnOpen)
c:/program files (x86)/microchip/xc32/v1.33/bin/bin/../../lib/gcc/pic32mx/4.5.2/../../../../pic32mx/lib/size/mips16/no-float\libmchp_peripheral_32MX534F064H.a(spi_chn_puts_lib.o)
                              build/PIC32/production/OLED.o (SpiChnPutS)
c:/program files (x86)/microchip/xc32/v1.33/bin/bin/../../lib/gcc/pic32mx/4.5.2/../../../../pic32mx/lib/size/mips16/no-float\libmchp_peripheral_32MX534F064H.a(spi_chn_is_busy_lib.o)
                              build/PIC32/production/PIC32MX534F064H.o (SpiChnIsBusy)
c:/program files (x86)/microchip/xc32/v1.33/bin/bin/../../lib/gcc/pic32mx/4.5.2/../../../../pic32mx/lib/size/mips16/no-float\libmchp_peripheral_32MX534F064H.a(spi_io_tbl_libp.o)
                              c:/program files (x86)/microchip/xc32/v1.33/bin/bin/../../lib/gcc/pic32mx/4.5.2/../../../../pic32mx/lib/size/mips16/no-float\libmchp_peripheral_32MX534F064H.a(spi_chn_open_lib.o) (_SpiIoTbl)
c:/program files (x86)/microchip/xc32/v1.33/bin/bin/../../lib/gcc/pic32mx/4.5.2/../../../../pic32mx/lib/size/mips16/no-float\libmchp_peripheral_32MX534F064H.a(spi_map_tbl_libp.o)
                              c:/program files (x86)/microchip/xc32/v1.33/bin/bin/../../lib/gcc/pic32mx/4.5.2/../../../../pic32mx/lib/size/mips16/no-float\libmchp_peripheral_32MX534F064H.a(spi_chn_open_lib.o) (_SpiMapTbl)
c:/program files (x86)/microchip/xc32/v1.33/bin/bin/../../lib/gcc/pic32mx/4.5.2/../../../../pic32mx/lib/size/mips16/no-float\libmchp_peripheral_32MX534F064H.a(nvm_erase_page_lib.o)
                              build/PIC32/production/PIC32MX534F064H.o (NVMErasePage)
c:/program files (x86)/microchip/xc32/v1.33/bin/bin/../../lib/gcc/pic32mx/4.5.2/../../../../pic32mx/lib/size/mips16/no-float\libmchp_peripheral_32MX534F064H.a(nvm_operation_lib.o)
                              c:/program files (x86)/microchip/xc32/v1.33/bin/bin/../../lib/gcc/pic32mx/4.5.2/../../../../pic32mx/lib/size/mips16/no-float\libmchp_peripheral_32MX534F064H.a(nvm_erase_page_lib.o) (_NVMOperation)
c:/program files (x86)/microchip/xc32/v1.33/bin/bin/../../lib/gcc/pic32mx/4.5.2/../../../../pic32mx/lib/size/mips16/no-float\libmchp_peripheral_32MX534F064H.a(nvm_write_row_lib.o)
                              build/PIC32/production/PIC32MX534F064H.o (NVMWriteRow)
c:/program files (x86)/microchip/xc32/v1.33/bin/bin/../../lib/gcc/pic32mx/4.5.2/../../../../pic32mx/lib/size/mips16/no-float\libmchp_peripheral_32MX534F064H.a(nvm_write_word_lib.o)
                              build/PIC32/production/PIC32MX534F064H.o (NVMWriteWord)
c:/program files (x86)/microchip/xc32/v1.33/bin/bin/../../lib/gcc/pic32mx/4.5.2/../../../../pic32mx/lib/size/mips16/no-float\libmchp_peripheral_32MX534F064H.a(port_set_pins_digital_in_lib.o)
                              c:/program files (x86)/microchip/xc32/v1.33/bin/bin/../../lib/gcc/pic32mx/4.5.2/../../../../pic32mx/lib/size/mips16/no-float\libmchp_peripheral_32MX534F064H.a(spi_chn_open_lib.o) (PORTSetPinsDigitalIn)
[...]
Memory Configuration

Name             Origin             Length             Attributes
kseg0_program_mem 0x9d000000         0x00003000         xr
kseg1_boot_mem   0xbfc00000         0x00000490
kseg0_boot_mem   0x9fc00490         0x00000970
exception_mem    0x9fc01000         0x00000000
debug_exec_mem   0xbfc02000         0x00000ff0
config3          0xbfc02ff0         0x00000004
config2          0xbfc02ff4         0x00000004
config1          0xbfc02ff8         0x00000004
config0          0xbfc02ffc         0x00000004
kseg1_data_mem   0xa0000000         0x00004000         w !x
sfrs             0xbf800000         0x00100000
configsfrs       0xbfc02ff0         0x00000010
*default*        0x00000000         0xffffffff

Linker script and memory map

LOAD c:/program files (x86)/microchip/xc32/v1.33/bin/bin/../../lib/gcc/pic32mx/4.5.2/../../../../pic32mx/lib/./proc/32MX534F064H/crt0_mips32r2.o
LOAD c:/program files (x86)/microchip/xc32/v1.33/bin/bin/../../lib/gcc/pic32mx/4.5.2/../../../../pic32mx/lib/size/mips16/no-float\debug-exception-return.o
LOAD build/PIC32/production/usb/usb_descriptors.o
LOAD build/PIC32/production/usb/usb_device.o
LOAD build/PIC32/production/usb/usb_driver.o
LOAD build/PIC32/production/usb/usb_function_hid.o
LOAD build/PIC32/production/main.o
LOAD build/PIC32/production/io.o
LOAD build/PIC32/production/PIC32MX534F064H.o
LOAD build/PIC32/production/crc.o
LOAD build/PIC32/production/OLED.o
                0x00000001                __MPLAB_BUILD = 0x1
                0x00000400                PROVIDE (_min_stack_size, 0x400)
LOAD c:/program files (x86)/microchip/xc32/v1.33/bin/bin/../../lib/gcc/pic32mx/4.5.2/../../../../pic32mx/lib/./proc/32MX534F064H\processor.o
START GROUP
LOAD c:/program files (x86)/microchip/xc32/v1.33/bin/bin/../../lib/gcc/pic32mx/4.5.2/../../../../pic32mx/lib/size/mips16/no-float\libmchp_peripheral.a
END GROUP
START GROUP
LOAD c:/program files (x86)/microchip/xc32/v1.33/bin/bin/../../lib/gcc/pic32mx/4.5.2/../../../../pic32mx/lib/size/mips16/no-float\libmchp_peripheral_32MX534F064H.a
END GROUP
                0x00000001                PROVIDE (_vector_spacing, 0x1)
                0x9fc01000                _ebase_address = 0x9fc01000
                0xbfc00000                _RESET_ADDR = 0xbfc00000
                0xbfc00380                _BEV_EXCPT_ADDR = 0xbfc00380
                0xbfc00480                _DBG_EXCPT_ADDR = 0xbfc00480
                0xbfc02000                _DBG_CODE_ADDR = 0xbfc02000
                0x00000ff0                _DBG_CODE_SIZE = 0xff0
                0x9fc01180                _GEN_EXCPT_ADDR = (_ebase_address + 0x180)

.config_BFC02FF0
                0xbfc02ff0        0x4
 *(.config_BFC02FF0)
 .config_BFC02FF0
                0xbfc02ff0        0x4 build/PIC32/production/PIC32MX534F064H.o

.config_BFC02FF4
                0xbfc02ff4        0x4
 *(.config_BFC02FF4)
 .config_BFC02FF4
                0xbfc02ff4        0x4 build/PIC32/production/PIC32MX534F064H.o

.config_BFC02FF8
                0xbfc02ff8        0x4
 *(.config_BFC02FF8)
 .config_BFC02FF8
                0xbfc02ff8        0x4 build/PIC32/production/PIC32MX534F064H.o

.config_BFC02FFC
                0xbfc02ffc        0x4
 *(.config_BFC02FFC)
 .config_BFC02FFC
                0xbfc02ffc        0x4 build/PIC32/production/PIC32MX534F064H.o
                0xbfc02000                PROVIDE (_DBG_CODE_ADDR, 0xbfc02000)
                0x00000ff0                PROVIDE (_DBG_CODE_SIZE, 0xff0)

.reset          0xbfc00000      0x1f0
 *(.reset)
 .reset         0xbfc00000        0x8 c:/program files (x86)/microchip/xc32/v1.33/bin/bin/../../lib/gcc/pic32mx/4.5.2/../../../../pic32mx/lib/./proc/32MX534F064H/crt0_mips32r2.o
                0xbfc00000                _reset
 *(.reset.startup)
 .reset.startup
                0xbfc00008      0x1e8 c:/program files (x86)/microchip/xc32/v1.33/bin/bin/../../lib/gcc/pic32mx/4.5.2/../../../../pic32mx/lib/./proc/32MX534F064H/crt0_mips32r2.o

.bev_excpt      0xbfc00380       0x10
 *(.bev_handler)
 .bev_handler   0xbfc00380       0x10 c:/program files (x86)/microchip/xc32/v1.33/bin/bin/../../lib/gcc/pic32mx/4.5.2/../../../../pic32mx/lib/./proc/32MX534F064H/crt0_mips32r2.o

.dbg_excpt      0xbfc00480        0x0
                0xbfc00480                . = (. + DEFINED (_DEBUGGER)?0x8:0x0)

.dbg_code       0xbfc02000        0x0
                0xbfc02000                . = (. + DEFINED (_DEBUGGER)?_DBG_CODE_SIZE:0x0)

.startup
 *(.startup)

.text           0x9d000000        0x0
 *(.stub .gnu.linkonce.t.*)
 *(.text.*personality*)
 *(.mips16.fn.*)
 *(.mips16.call.*)
 *(.gnu.warning)
                0x9d000000                . = ALIGN (0x4)

.init           0x9d000000        0x0
 *crti.o(.init)
 *crtbegin.o(.init)
 *(EXCLUDE_FILE(*crtn.o *crtend?.o *crtend.o) .init)
 *crtend.o(.init)
 *crtn.o(.init)
                0x9d000000                . = ALIGN (0x4)

.fini           0x9d000000        0x0
 *(.fini)
                0x9d000000                . = ALIGN (0x4)

.preinit_array  0x9d000000        0x0
                0x9d000000                PROVIDE (__preinit_array_start, .)
 *(.preinit_array)
                0x9d000000                PROVIDE (__preinit_array_end, .)
                0x9d000000                . = ALIGN (0x4)

.init_array     0x9d000000        0x0
                0x9d000000                PROVIDE (__init_array_start, .)
 *(SORT(.init_array.*))
 *(.init_array)
                0x9d000000                PROVIDE (__init_array_end, .)
                0x9d000000                . = ALIGN (0x4)

.fini_array     0x9d000000        0x0
                0x9d000000                PROVIDE (__fini_array_start, .)
 *(SORT(.fini_array.*))
 *(.fini_array)
                0x9d000000                PROVIDE (__fini_array_end, .)
                0x9d000000                . = ALIGN (0x4)

.ctors          0x9d000000        0x0
 *crtbegin.o(.ctors)
 *crtbegin?.o(.ctors)
 *(EXCLUDE_FILE(*crtend?.o *crtend.o) .ctors)
 *(SORT(.ctors.*))
 *(.ctors)
                0x9d000000                . = ALIGN (0x4)

.dtors          0x9d000000        0x0
 *crtbegin.o(.dtors)
 *crtbegin?.o(.dtors)
 *(EXCLUDE_FILE(*crtend?.o *crtend.o) .dtors)
 *(SORT(.dtors.*))
 *(.dtors)
                0x9d000000                . = ALIGN (0x4)

.rodata         0x9d000000        0x0
 *(.gnu.linkonce.r.*)
 *(.rodata1)
                0x9d000000                . = ALIGN (0x4)

.sdata2         0x9fc00490        0x0
 *(.sdata2 .sdata2.* .gnu.linkonce.s2.*)
                0x9fc00490                . = ALIGN (0x4)

.sbss2          0x9fc00490        0x0
 *(.sbss2 .sbss2.* .gnu.linkonce.sb2.*)
                0x9fc00490                . = ALIGN (0x4)

.eh_frame_hdr
 *(.eh_frame_hdr)
                0x9fc00490                . = ALIGN (0x4)

.eh_frame
 *(.eh_frame)
                0x9fc00490                . = ALIGN (0x4)

.gcc_except_table
 *(.gcc_except_table .gcc_except_table.*)
                0x9fc00490                . = ALIGN (0x4)

.dbg_data       0xa0000000        0x0
                0xa0000000                . = (. + DEFINED (_DEBUGGER)?0x200:0x0)

.jcr            0xa0000000        0x0
 *(.jcr)
                0xa0000000                . = ALIGN (0x4)

.eh_frame
 *(.eh_frame)
                0xa0000000                . = ALIGN (0x4)

.gcc_except_table
 *(.gcc_except_table .gcc_except_table.*)
                0xa0000000                . = ALIGN (0x4)

.persist        0xa0000000        0x0
                0xa0000000                _persist_begin = .
 *(.persist .persist.*)
 *(.pbss .pbss.*)
                0xa0000000                . = ALIGN (0x4)
                0xa0000000                _persist_end = .

.data           0xa0000000        0x0
 *(.gnu.linkonce.d.*)
 *(.data1)
                0xa0000000                . = ALIGN (0x4)
                0xa0000000                . = .
                0xa0007ff0                _gp = (ALIGN (0x10) + 0x7ff0)

.got            0xa0000000        0x0
 *(.got.plt)
 *(.got)
                0xa0000000                . = ALIGN (0x4)

.sdata          0xa0000000        0x0
                0xa0000000                _sdata_begin = .
 *(.sdata .sdata.* .gnu.linkonce.s.*)
                0xa0000000                . = ALIGN (0x4)
                0xa0000000                _sdata_end = .

.lit8
 *(.lit8)

.lit4
 *(.lit4)
                0xa0000000                . = ALIGN (0x4)
                0xa0000000                _data_end = .
                0xa0000000                _bss_begin = .

.sbss           0xa0000000       0x8c
                0xa0000000                _sbss_begin = .
 *(.dynsbss)
 *(.sbss .sbss.* .gnu.linkonce.sb.*)
 .sbss          0xa0000000        0xc build/PIC32/production/usb/usb_driver.o
                0xa0000000                USBOutHandle
                0xa0000004                USBInHandle
 .sbss          0xa000000c        0x8 build/PIC32/production/main.o
 .sbss          0xa0000014        0x8 build/PIC32/production/io.o
 *(.scommon)
 .scommon       0xa000001c       0x6c build/PIC32/production/usb/usb_device.o
                0xa000001c                pDst
                0xa0000020                USBDeferINDataStagePackets
                0xa0000024                CtrlTrfData
                0xa000002c                USBDeferOUTDataStagePackets
                0xa0000030                USBDeviceState
                0xa0000034                controlTransferState
                0xa0000035                endpoint_number
                0xa0000038                pBDTEntryIn
                0xa0000040                ep_data_out
                0xa0000044                USBStatusStageEnabledFlag1
                0xa0000048                USBStatusStageEnabledFlag2
                0xa000004c                pBDTEntryOut
                0xa0000054                BothEP0OutUOWNsSet
                0xa0000058                pBDTEntryEP0OutNext
                0xa000005c                USBBusIsSuspended
                0xa0000060                USBStatusStageTimeoutCounter
                0xa0000064                SetupPkt
                0xa000006c                ep_data_in
                0xa000006e                shortPacketStatus
                0xa0000070                pBDTEntryEP0OutCurrent
                0xa0000074                USBActiveConfiguration
                0xa0000078                RemoteWakeup
                0xa000007c                USTATcopy
                0xa0000080                USBAlternateInterface
                0xa0000084                USBDeferStatusStagePacket
 .scommon       0xa0000088        0x2 build/PIC32/production/usb/usb_function_hid.o
                0xa0000088                active_protocol
                0xa0000089                idle_rate
 .scommon       0xa000008a        0x1 build/PIC32/production/main.o
                0xa000008a                OLED
                0xa000008b                _sbss_end = .
                0xa000008c                . = ALIGN (0x4)
 *fill*         0xa000008b        0x1 

.bss            0xa0000200      0x4dc
 *(.dynbss)
 *(COMMON)
 COMMON         0xa0000200       0x5b build/PIC32/production/usb/usb_device.o
                0xa0000200                BDT
                0xa0000240                inPipes
                0xa0000250                outPipes
 *fill*         0xa000025b        0x1 
 COMMON         0xa000025c       0x80 build/PIC32/production/usb/usb_driver.o
                0xa000025c                USBRxBuffer
                0xa000029c                USBTxBuffer
 COMMON         0xa00002dc      0x400 build/PIC32/production/OLED.o
                0xa00002dc                OLEDBUFF
                0xa00006dc                . = ALIGN ((. != 0x0)?0x4:0x1)
                0xa00006dc                . = ALIGN (0x4)
                0xa00006dc                _end = .
                0xa00006dc                _bss_end = .
                0x00004000                _bmxdudba_address = 0x4000
                0x00004000                _bmxdupba_address = 0x4000

/DISCARD/
 *(.pdr)
 *(.rel.dyn)
 *(.note.GNU-stack)
 *(.note.GNU-stack)
 *(.gnu_debuglink)
 *(.gnu.lto_*)
 *(.discard)

.gptab.sdata
 *(.gptab.data)
 *(.gptab.sdata)

.gptab.sbss
 *(.gptab.bss)
 *(.gptab.sbss)

.mdebug.abi32   0xa00006dc        0x0
 *(.mdebug.abi32)
 .mdebug.abi32  0xa00006dc        0x0 build/PIC32/production/usb/usb_descriptors.o
 .mdebug.abi32  0xa00006dc        0x0 build/PIC32/production/usb/usb_device.o
 .mdebug.abi32  0xa00006dc        0x0 build/PIC32/production/usb/usb_driver.o
 .mdebug.abi32  0xa00006dc        0x0 build/PIC32/production/usb/usb_function_hid.o
 .mdebug.abi32  0xa00006dc        0x0 build/PIC32/production/main.o
 .mdebug.abi32  0xa00006dc        0x0 build/PIC32/production/io.o
 .mdebug.abi32  0xa00006dc        0x0 build/PIC32/production/PIC32MX534F064H.o
 .mdebug.abi32  0xa00006dc        0x0 build/PIC32/production/crc.o
 .mdebug.abi32  0xa00006dc        0x0 build/PIC32/production/OLED.o
 .mdebug.abi32  0xa00006dc        0x0 c:/program files (x86)/microchip/xc32/v1.33/bin/bin/../../lib/gcc/pic32mx/4.5.2/../../../../pic32mx/lib/size/mips16/no-float\libmchp_peripheral.a(open_core_timer_lib.o)
 .mdebug.abi32  0xa00006dc        0x0 c:/program files (x86)/microchip/xc32/v1.33/bin/bin/../../lib/gcc/pic32mx/4.5.2/../../../../pic32mx/lib/size/mips16/no-float\libmchp_peripheral.a(read_core_timer_lib.o)
 .mdebug.abi32  0xa00006dc        0x0 c:/program files (x86)/microchip/xc32/v1.33/bin/bin/../../lib/gcc/pic32mx/4.5.2/../../../../pic32mx/lib/size/mips16/no-float\libmchp_peripheral_32MX534F064H.a(soft_reset_lib.o)
 .mdebug.abi32  0xa00006dc        0x0 c:/program files (x86)/microchip/xc32/v1.33/bin/bin/../../lib/gcc/pic32mx/4.5.2/../../../../pic32mx/lib/size/mips16/no-float\libmchp_peripheral_32MX534F064H.a(int_disable_interrupts_lib.o)
 .mdebug.abi32  0xa00006dc        0x0 c:/program files (x86)/microchip/xc32/v1.33/bin/bin/../../lib/gcc/pic32mx/4.5.2/../../../../pic32mx/lib/size/mips16/no-float\libmchp_peripheral_32MX534F064H.a(int_restore_interrupts_lib.o)
 .mdebug.abi32  0xa00006dc        0x0 c:/program files (x86)/microchip/xc32/v1.33/bin/bin/../../lib/gcc/pic32mx/4.5.2/../../../../pic32mx/lib/size/mips16/no-float\libmchp_peripheral_32MX534F064H.a(int_tbl_lib.o)
 .mdebug.abi32  0xa00006dc        0x0 c:/program files (x86)/microchip/xc32/v1.33/bin/bin/../../lib/gcc/pic32mx/4.5.2/../../../../pic32mx/lib/size/mips16/no-float\libmchp_peripheral_32MX534F064H.a(spi_chn_open_lib.o)
 .mdebug.abi32  0xa00006dc        0x0 c:/program files (x86)/microchip/xc32/v1.33/bin/bin/../../lib/gcc/pic32mx/4.5.2/../../../../pic32mx/lib/size/mips16/no-float\libmchp_peripheral_32MX534F064H.a(spi_chn_puts_lib.o)
 .mdebug.abi32  0xa00006dc        0x0 c:/program files (x86)/microchip/xc32/v1.33/bin/bin/../../lib/gcc/pic32mx/4.5.2/../../../../pic32mx/lib/size/mips16/no-float\libmchp_peripheral_32MX534F064H.a(spi_chn_is_busy_lib.o)
 .mdebug.abi32  0xa00006dc        0x0 c:/program files (x86)/microchip/xc32/v1.33/bin/bin/../../lib/gcc/pic32mx/4.5.2/../../../../pic32mx/lib/size/mips16/no-float\libmchp_peripheral_32MX534F064H.a(spi_io_tbl_libp.o)
 .mdebug.abi32  0xa00006dc        0x0 c:/program files (x86)/microchip/xc32/v1.33/bin/bin/../../lib/gcc/pic32mx/4.5.2/../../../../pic32mx/lib/size/mips16/no-float\libmchp_peripheral_32MX534F064H.a(spi_map_tbl_libp.o)
 .mdebug.abi32  0xa00006dc        0x0 c:/program files (x86)/microchip/xc32/v1.33/bin/bin/../../lib/gcc/pic32mx/4.5.2/../../../../pic32mx/lib/size/mips16/no-float\libmchp_peripheral_32MX534F064H.a(nvm_erase_page_lib.o)
 .mdebug.abi32  0xa00006dc        0x0 c:/program files (x86)/microchip/xc32/v1.33/bin/bin/../../lib/gcc/pic32mx/4.5.2/../../../../pic32mx/lib/size/mips16/no-float\libmchp_peripheral_32MX534F064H.a(nvm_operation_lib.o)
 .mdebug.abi32  0xa00006dc        0x0 c:/program files (x86)/microchip/xc32/v1.33/bin/bin/../../lib/gcc/pic32mx/4.5.2/../../../../pic32mx/lib/size/mips16/no-float\libmchp_peripheral_32MX534F064H.a(nvm_write_row_lib.o)
 .mdebug.abi32  0xa00006dc        0x0 c:/program files (x86)/microchip/xc32/v1.33/bin/bin/../../lib/gcc/pic32mx/4.5.2/../../../../pic32mx/lib/size/mips16/no-float\libmchp_peripheral_32MX534F064H.a(nvm_write_word_lib.o)
 .mdebug.abi32  0xa00006dc        0x0 c:/program files (x86)/microchip/xc32/v1.33/bin/bin/../../lib/gcc/pic32mx/4.5.2/../../../../pic32mx/lib/size/mips16/no-float\libmchp_peripheral_32MX534F064H.a(port_set_pins_digital_in_lib.o)
 .mdebug.abi32  0xa00006dc        0x0 c:/program files (x86)/microchip/xc32/v1.33/bin/bin/../../lib/gcc/pic32mx/4.5.2/../../../../pic32mx/lib/size/mips16/no-float\libmchp_peripheral_32MX534F064H.a(port_set_pins_digital_out_lib.o)
 .mdebug.abi32  0xa00006dc        0x0 c:/program files (x86)/microchip/xc32/v1.33/bin/bin/../../lib/gcc/pic32mx/4.5.2/../../../../pic32mx/lib/size/mips16/no-float\libmchp_peripheral_32MX534F064H.a(_ports_tbl_libp.o)
 .mdebug.abi32  0xa00006dc        0x0 c:/program files (x86)/microchip/xc32/v1.33/bin/bin/../../lib/gcc/pic32mx/4.5.2/../../../../pic32mx/lib/size/mips16/no-float\libpic32.a(default-bootstrap-exception-handler.o)
 .mdebug.abi32  0xa00006dc        0x0 c:/program files (x86)/microchip/xc32/v1.33/bin/bin/../../lib/gcc/pic32mx/4.5.2/../../../../pic32mx/lib/size/mips16/no-float\libpic32.a(default-on-reset.o)
 .mdebug.abi32  0xa00006dc        0x0 c:/program files (x86)/microchip/xc32/v1.33/bin/bin/../../lib/gcc/pic32mx/4.5.2/../../../../pic32mx/lib/size/mips16/no-float\libpic32.a(default-on-bootstrap.o)
 .mdebug.abi32  0xa00006dc        0x0 c:/program files (x86)/microchip/xc32/v1.33/bin/bin/../../lib/gcc/pic32mx/4.5.2/../../../../pic32mx/lib/size/mips16/no-float\libpic32.a(default-general-exception-handler.o)
 .mdebug.abi32  0xa00006dc        0x0 c:/program files (x86)/microchip/xc32/v1.33/bin/bin/../../lib/gcc/pic32mx/4.5.2/../../../../pic32mx/lib/size/mips16/no-float\libpic32.a(defaultinterrupt.o)
 .mdebug.abi32  0xa00006dc        0x0 c:/program files (x86)/microchip/xc32/v1.33/bin/bin/../../lib/gcc/pic32mx/4.5.2/../../../../pic32mx/lib/size/mips16/no-float\libc.a(memcpy.o)
 .mdebug.abi32  0xa00006dc        0x0 c:/program files (x86)/microchip/xc32/v1.33/bin/bin/../../lib/gcc/pic32mx/4.5.2/../../../../pic32mx/lib/size/mips16/no-float\libc.a(memmove.o)
 .mdebug.abi32  0xa00006dc        0x0 c:/program files (x86)/microchip/xc32/v1.33/bin/bin/../../lib/gcc/pic32mx/4.5.2/../../../../pic32mx/lib/size/mips16/no-float\libc.a(memset.o)

.mdebug.abiN32
 *(.mdebug.abiN32)

.mdebug.abi64
 *(.mdebug.abi64)

.mdebug.abiO64
 *(.mdebug.abiO64)

.mdebug.eabi32
 *(.mdebug.eabi32)

.mdebug.eabi64
 *(.mdebug.eabi64)

.gcc_compiled_long32
 *(.gcc_compiled_long32)

.gcc_compiled_long64
 *(.gcc_compiled_long64)

.stab
 *(.stab)

.stabstr
 *(.stabstr)

.stab.excl
 *(.stab.excl)

.stab.exclstr
 *(.stab.exclstr)

.stab.index
 *(.stab.index)

.stab.indexstr
 *(.stab.indexstr)

.comment        0x00000000       0x78
 *(.comment)
 .comment       0x00000000       0x3c build/PIC32/production/usb/usb_descriptors.o
                                 0x3d (size before relaxing)
 .comment       0x00000000       0x3d build/PIC32/production/usb/usb_device.o
 .comment       0x00000000       0x3d build/PIC32/production/usb/usb_driver.o
 .comment       0x00000000       0x3d build/PIC32/production/usb/usb_function_hid.o
 .comment       0x00000000       0x3d build/PIC32/production/main.o
 .comment       0x00000000       0x3d build/PIC32/production/io.o
 .comment       0x00000000       0x3d build/PIC32/production/PIC32MX534F064H.o
 .comment       0x00000000       0x3d build/PIC32/production/crc.o
 .comment       0x00000000       0x3d build/PIC32/production/OLED.o
 .comment       0x0000003c       0x3c c:/program files (x86)/microchip/xc32/v1.33/bin/bin/../../lib/gcc/pic32mx/4.5.2/../../../../pic32mx/lib/size/mips16/no-float\libmchp_peripheral.a(open_core_timer_lib.o)
                                 0x3d (size before relaxing)
 .comment       0x00000000       0x3d c:/program files (x86)/microchip/xc32/v1.33/bin/bin/../../lib/gcc/pic32mx/4.5.2/../../../../pic32mx/lib/size/mips16/no-float\libmchp_peripheral.a(read_core_timer_lib.o)
 .comment       0x00000000       0x3d c:/program files (x86)/microchip/xc32/v1.33/bin/bin/../../lib/gcc/pic32mx/4.5.2/../../../../pic32mx/lib/size/mips16/no-float\libmchp_peripheral_32MX534F064H.a(soft_reset_lib.o)
 .comment       0x00000000       0x3d c:/program files (x86)/microchip/xc32/v1.33/bin/bin/../../lib/gcc/pic32mx/4.5.2/../../../../pic32mx/lib/size/mips16/no-float\libmchp_peripheral_32MX534F064H.a(int_disable_interrupts_lib.o)
 .comment       0x00000000       0x3d c:/program files (x86)/microchip/xc32/v1.33/bin/bin/../../lib/gcc/pic32mx/4.5.2/../../../../pic32mx/lib/size/mips16/no-float\libmchp_peripheral_32MX534F064H.a(int_restore_interrupts_lib.o)
 .comment       0x00000000       0x3d c:/program files (x86)/microchip/xc32/v1.33/bin/bin/../../lib/gcc/pic32mx/4.5.2/../../../../pic32mx/lib/size/mips16/no-float\libmchp_peripheral_32MX534F064H.a(int_tbl_lib.o)
 .comment       0x00000000       0x3d c:/program files (x86)/microchip/xc32/v1.33/bin/bin/../../lib/gcc/pic32mx/4.5.2/../../../../pic32mx/lib/size/mips16/no-float\libmchp_peripheral_32MX534F064H.a(spi_chn_open_lib.o)
 .comment       0x00000000       0x3d c:/program files (x86)/microchip/xc32/v1.33/bin/bin/../../lib/gcc/pic32mx/4.5.2/../../../../pic32mx/lib/size/mips16/no-float\libmchp_peripheral_32MX534F064H.a(spi_chn_puts_lib.o)
 .comment       0x00000000       0x3d c:/program files (x86)/microchip/xc32/v1.33/bin/bin/../../lib/gcc/pic32mx/4.5.2/../../../../pic32mx/lib/size/mips16/no-float\libmchp_peripheral_32MX534F064H.a(spi_chn_is_busy_lib.o)
 .comment       0x00000000       0x3d c:/program files (x86)/microchip/xc32/v1.33/bin/bin/../../lib/gcc/pic32mx/4.5.2/../../../../pic32mx/lib/size/mips16/no-float\libmchp_peripheral_32MX534F064H.a(spi_io_tbl_libp.o)
 .comment       0x00000000       0x3d c:/program files (x86)/microchip/xc32/v1.33/bin/bin/../../lib/gcc/pic32mx/4.5.2/../../../../pic32mx/lib/size/mips16/no-float\libmchp_peripheral_32MX534F064H.a(spi_map_tbl_libp.o)
 .comment       0x00000000       0x3d c:/program files (x86)/microchip/xc32/v1.33/bin/bin/../../lib/gcc/pic32mx/4.5.2/../../../../pic32mx/lib/size/mips16/no-float\libmchp_peripheral_32MX534F064H.a(nvm_erase_page_lib.o)
 .comment       0x00000000       0x3d c:/program files (x86)/microchip/xc32/v1.33/bin/bin/../../lib/gcc/pic32mx/4.5.2/../../../../pic32mx/lib/size/mips16/no-float\libmchp_peripheral_32MX534F064H.a(nvm_operation_lib.o)
 .comment       0x00000000       0x3d c:/program files (x86)/microchip/xc32/v1.33/bin/bin/../../lib/gcc/pic32mx/4.5.2/../../../../pic32mx/lib/size/mips16/no-float\libmchp_peripheral_32MX534F064H.a(nvm_write_row_lib.o)
 .comment       0x00000000       0x3d c:/program files (x86)/microchip/xc32/v1.33/bin/bin/../../lib/gcc/pic32mx/4.5.2/../../../../pic32mx/lib/size/mips16/no-float\libmchp_peripheral_32MX534F064H.a(nvm_write_word_lib.o)
 .comment       0x00000000       0x3d c:/program files (x86)/microchip/xc32/v1.33/bin/bin/../../lib/gcc/pic32mx/4.5.2/../../../../pic32mx/lib/size/mips16/no-float\libmchp_peripheral_32MX534F064H.a(port_set_pins_digital_in_lib.o)
 .comment       0x00000000       0x3d c:/program files (x86)/microchip/xc32/v1.33/bin/bin/../../lib/gcc/pic32mx/4.5.2/../../../../pic32mx/lib/size/mips16/no-float\libmchp_peripheral_32MX534F064H.a(port_set_pins_digital_out_lib.o)
 .comment       0x00000000       0x3d c:/program files (x86)/microchip/xc32/v1.33/bin/bin/../../lib/gcc/pic32mx/4.5.2/../../../../pic32mx/lib/size/mips16/no-float\libmchp_peripheral_32MX534F064H.a(_ports_tbl_libp.o)
 .comment       0x00000000       0x3d c:/program files (x86)/microchip/xc32/v1.33/bin/bin/../../lib/gcc/pic32mx/4.5.2/../../../../pic32mx/lib/size/mips16/no-float\libpic32.a(default-bootstrap-exception-handler.o)
 .comment       0x00000000       0x3d c:/program files (x86)/microchip/xc32/v1.33/bin/bin/../../lib/gcc/pic32mx/4.5.2/../../../../pic32mx/lib/size/mips16/no-float\libpic32.a(default-on-reset.o)
 .comment       0x00000000       0x3d c:/program files (x86)/microchip/xc32/v1.33/bin/bin/../../lib/gcc/pic32mx/4.5.2/../../../../pic32mx/lib/size/mips16/no-float\libpic32.a(default-on-bootstrap.o)
 .comment       0x00000000       0x3d c:/program files (x86)/microchip/xc32/v1.33/bin/bin/../../lib/gcc/pic32mx/4.5.2/../../../../pic32mx/lib/size/mips16/no-float\libpic32.a(default-general-exception-handler.o)
 .comment       0x00000000       0x3d c:/program files (x86)/microchip/xc32/v1.33/bin/bin/../../lib/gcc/pic32mx/4.5.2/../../../../pic32mx/lib/size/mips16/no-float\libpic32.a(defaultinterrupt.o)
 .comment       0x00000000       0x3d c:/program files (x86)/microchip/xc32/v1.33/bin/bin/../../lib/gcc/pic32mx/4.5.2/../../../../pic32mx/lib/size/mips16/no-float\libc.a(memcpy.o)
 .comment       0x00000000       0x3d c:/program files (x86)/microchip/xc32/v1.33/bin/bin/../../lib/gcc/pic32mx/4.5.2/../../../../pic32mx/lib/size/mips16/no-float\libc.a(memmove.o)
 .comment       0x00000000       0x3d c:/program files (x86)/microchip/xc32/v1.33/bin/bin/../../lib/gcc/pic32mx/4.5.2/../../../../pic32mx/lib/size/mips16/no-float\libc.a(memset.o)

.debug
 *(.debug)

.line
 *(.line)

.debug_srcinfo
 *(.debug_srcinfo)

.debug_sfnames
 *(.debug_sfnames)

.debug_aranges  0x00000000      0x4f0
 *(.debug_aranges)
 .debug_aranges
                0x00000000       0x68 build/PIC32/production/usb/usb_device.o
 .debug_aranges
                0x00000068       0x40 build/PIC32/production/usb/usb_driver.o
 .debug_aranges
                0x000000a8       0x20 build/PIC32/production/usb/usb_function_hid.o
 .debug_aranges
                0x000000c8       0x28 build/PIC32/production/main.o
 .debug_aranges
                0x000000f0       0x30 build/PIC32/production/io.o
 .debug_aranges
                0x00000120       0x60 build/PIC32/production/PIC32MX534F064H.o
 .debug_aranges
                0x00000180       0x20 build/PIC32/production/crc.o
 .debug_aranges
                0x000001a0       0x28 build/PIC32/production/OLED.o
 .debug_aranges
                0x000001c8       0x20 c:/program files (x86)/microchip/xc32/v1.33/bin/bin/../../lib/gcc/pic32mx/4.5.2/../../../../pic32mx/lib/size/mips16/no-float\libmchp_peripheral.a(open_core_timer_lib.o)
 .debug_aranges
                0x000001e8       0x20 c:/program files (x86)/microchip/xc32/v1.33/bin/bin/../../lib/gcc/pic32mx/4.5.2/../../../../pic32mx/lib/size/mips16/no-float\libmchp_peripheral.a(read_core_timer_lib.o)
 .debug_aranges
                0x00000208       0x20 c:/program files (x86)/microchip/xc32/v1.33/bin/bin/../../lib/gcc/pic32mx/4.5.2/../../../../pic32mx/lib/size/mips16/no-float\libmchp_peripheral_32MX534F064H.a(soft_reset_lib.o)
 .debug_aranges
                0x00000228       0x20 c:/program files (x86)/microchip/xc32/v1.33/bin/bin/../../lib/gcc/pic32mx/4.5.2/../../../../pic32mx/lib/size/mips16/no-float\libmchp_peripheral_32MX534F064H.a(int_disable_interrupts_lib.o)
 .debug_aranges
                0x00000248       0x20 c:/program files (x86)/microchip/xc32/v1.33/bin/bin/../../lib/gcc/pic32mx/4.5.2/../../../../pic32mx/lib/size/mips16/no-float\libmchp_peripheral_32MX534F064H.a(int_restore_interrupts_lib.o)
 .debug_aranges
                0x00000268       0x60 c:/program files (x86)/microchip/xc32/v1.33/bin/bin/../../lib/gcc/pic32mx/4.5.2/../../../../pic32mx/lib/size/mips16/no-float\libmchp_peripheral_32MX534F064H.a(int_tbl_lib.o)
 .debug_aranges
                0x000002c8       0x20 c:/program files (x86)/microchip/xc32/v1.33/bin/bin/../../lib/gcc/pic32mx/4.5.2/../../../../pic32mx/lib/size/mips16/no-float\libmchp_peripheral_32MX534F064H.a(spi_chn_open_lib.o)
 .debug_aranges
                0x000002e8       0x20 c:/program files (x86)/microchip/xc32/v1.33/bin/bin/../../lib/gcc/pic32mx/4.5.2/../../../../pic32mx/lib/size/mips16/no-float\libmchp_peripheral_32MX534F064H.a(spi_chn_puts_lib.o)
 .debug_aranges
                0x00000308       0x28 c:/program files (x86)/microchip/xc32/v1.33/bin/bin/../../lib/gcc/pic32mx/4.5.2/../../../../pic32mx/lib/size/mips16/no-float\libmchp_peripheral_32MX534F064H.a(spi_chn_is_busy_lib.o)
 .debug_aranges
                0x00000330       0x20 c:/program files (x86)/microchip/xc32/v1.33/bin/bin/../../lib/gcc/pic32mx/4.5.2/../../../../pic32mx/lib/size/mips16/no-float\libmchp_peripheral_32MX534F064H.a(nvm_erase_page_lib.o)
 .debug_aranges
                0x00000350       0x20 c:/program files (x86)/microchip/xc32/v1.33/bin/bin/../../lib/gcc/pic32mx/4.5.2/../../../../pic32mx/lib/size/mips16/no-float\libmchp_peripheral_32MX534F064H.a(nvm_operation_lib.o)
 .debug_aranges
                0x00000370       0x20 c:/program files (x86)/microchip/xc32/v1.33/bin/bin/../../lib/gcc/pic32mx/4.5.2/../../../../pic32mx/lib/size/mips16/no-float\libmchp_peripheral_32MX534F064H.a(nvm_write_row_lib.o)
 .debug_aranges
                0x00000390       0x20 c:/program files (x86)/microchip/xc32/v1.33/bin/bin/../../lib/gcc/pic32mx/4.5.2/../../../../pic32mx/lib/size/mips16/no-float\libmchp_peripheral_32MX534F064H.a(nvm_write_word_lib.o)
 .debug_aranges
                0x000003b0       0x20 c:/program files (x86)/microchip/xc32/v1.33/bin/bin/../../lib/gcc/pic32mx/4.5.2/../../../../pic32mx/lib/size/mips16/no-float\libmchp_peripheral_32MX534F064H.a(port_set_pins_digital_in_lib.o)
 .debug_aranges
                0x000003d0       0x20 c:/program files (x86)/microchip/xc32/v1.33/bin/bin/../../lib/gcc/pic32mx/4.5.2/../../../../pic32mx/lib/size/mips16/no-float\libmchp_peripheral_32MX534F064H.a(port_set_pins_digital_out_lib.o)
 .debug_aranges
                0x000003f0       0x20 c:/program files (x86)/microchip/xc32/v1.33/bin/bin/../../lib/gcc/pic32mx/4.5.2/../../../../pic32mx/lib/size/mips16/no-float\libpic32.a(default-bootstrap-exception-handler.o)
 .debug_aranges
                0x00000410       0x20 c:/program files (x86)/microchip/xc32/v1.33/bin/bin/../../lib/gcc/pic32mx/4.5.2/../../../../pic32mx/lib/size/mips16/no-float\libpic32.a(default-on-reset.o)
 .debug_aranges
                0x00000430       0x20 c:/program files (x86)/microchip/xc32/v1.33/bin/bin/../../lib/gcc/pic32mx/4.5.2/../../../../pic32mx/lib/size/mips16/no-float\libpic32.a(default-on-bootstrap.o)
 .debug_aranges
                0x00000450       0x20 c:/program files (x86)/microchip/xc32/v1.33/bin/bin/../../lib/gcc/pic32mx/4.5.2/../../../../pic32mx/lib/size/mips16/no-float\libpic32.a(default-general-exception-handler.o)
 .debug_aranges
                0x00000470       0x20 c:/program files (x86)/microchip/xc32/v1.33/bin/bin/../../lib/gcc/pic32mx/4.5.2/../../../../pic32mx/lib/size/mips16/no-float\libpic32.a(defaultinterrupt.o)
 .debug_aranges
                0x00000490       0x20 c:/program files (x86)/microchip/xc32/v1.33/bin/bin/../../lib/gcc/pic32mx/4.5.2/../../../../pic32mx/lib/size/mips16/no-float\libc.a(memcpy.o)
 .debug_aranges
                0x000004b0       0x20 c:/program files (x86)/microchip/xc32/v1.33/bin/bin/../../lib/gcc/pic32mx/4.5.2/../../../../pic32mx/lib/size/mips16/no-float\libc.a(memmove.o)
 .debug_aranges
                0x000004d0       0x20 c:/program files (x86)/microchip/xc32/v1.33/bin/bin/../../lib/gcc/pic32mx/4.5.2/../../../../pic32mx/lib/size/mips16/no-float\libc.a(memset.o)

.debug_pubnames
                0x00000000      0xa40
 *(.debug_pubnames)
 .debug_pubnames
                0x00000000       0x81 build/PIC32/production/usb/usb_descriptors.o
 .debug_pubnames
                0x00000081      0x312 build/PIC32/production/usb/usb_device.o
 .debug_pubnames
                0x00000393       0xc4 build/PIC32/production/usb/usb_driver.o
 .debug_pubnames
                0x00000457       0x4b build/PIC32/production/usb/usb_function_hid.o
 .debug_pubnames
                0x000004a2       0x35 build/PIC32/production/main.o
 .debug_pubnames
                0x000004d7       0x37 build/PIC32/production/io.o
 .debug_pubnames
                0x0000050e       0xb7 build/PIC32/production/PIC32MX534F064H.o
 .debug_pubnames
                0x000005c5       0x23 build/PIC32/production/crc.o
 .debug_pubnames
                0x000005e8       0x4c build/PIC32/production/OLED.o
 .debug_pubnames
                0x00000634       0x24 c:/program files (x86)/microchip/xc32/v1.33/bin/bin/../../lib/gcc/pic32mx/4.5.2/../../../../pic32mx/lib/size/mips16/no-float\libmchp_peripheral.a(open_core_timer_lib.o)
 .debug_pubnames
                0x00000658       0x24 c:/program files (x86)/microchip/xc32/v1.33/bin/bin/../../lib/gcc/pic32mx/4.5.2/../../../../pic32mx/lib/size/mips16/no-float\libmchp_peripheral.a(read_core_timer_lib.o)
 .debug_pubnames
                0x0000067c       0x20 c:/program files (x86)/microchip/xc32/v1.33/bin/bin/../../lib/gcc/pic32mx/4.5.2/../../../../pic32mx/lib/size/mips16/no-float\libmchp_peripheral_32MX534F064H.a(soft_reset_lib.o)
 .debug_pubnames
                0x0000069c       0x2b c:/program files (x86)/microchip/xc32/v1.33/bin/bin/../../lib/gcc/pic32mx/4.5.2/../../../../pic32mx/lib/size/mips16/no-float\libmchp_peripheral_32MX534F064H.a(int_disable_interrupts_lib.o)
 .debug_pubnames
                0x000006c7       0x2b c:/program files (x86)/microchip/xc32/v1.33/bin/bin/../../lib/gcc/pic32mx/4.5.2/../../../../pic32mx/lib/size/mips16/no-float\libmchp_peripheral_32MX534F064H.a(int_restore_interrupts_lib.o)
 .debug_pubnames
                0x000006f2       0xca c:/program files (x86)/microchip/xc32/v1.33/bin/bin/../../lib/gcc/pic32mx/4.5.2/../../../../pic32mx/lib/size/mips16/no-float\libmchp_peripheral_32MX534F064H.a(int_tbl_lib.o)
 .debug_pubnames
                0x000007bc       0x21 c:/program files (x86)/microchip/xc32/v1.33/bin/bin/../../lib/gcc/pic32mx/4.5.2/../../../../pic32mx/lib/size/mips16/no-float\libmchp_peripheral_32MX534F064H.a(spi_chn_open_lib.o)
 .debug_pubnames
                0x000007dd       0x21 c:/program files (x86)/microchip/xc32/v1.33/bin/bin/../../lib/gcc/pic32mx/4.5.2/../../../../pic32mx/lib/size/mips16/no-float\libmchp_peripheral_32MX534F064H.a(spi_chn_puts_lib.o)
 .debug_pubnames
                0x000007fe       0x37 c:/program files (x86)/microchip/xc32/v1.33/bin/bin/../../lib/gcc/pic32mx/4.5.2/../../../../pic32mx/lib/size/mips16/no-float\libmchp_peripheral_32MX534F064H.a(spi_chn_is_busy_lib.o)
 .debug_pubnames
                0x00000835       0x23 c:/program files (x86)/microchip/xc32/v1.33/bin/bin/../../lib/gcc/pic32mx/4.5.2/../../../../pic32mx/lib/size/mips16/no-float\libmchp_peripheral_32MX534F064H.a(nvm_erase_page_lib.o)
 .debug_pubnames
                0x00000858       0x24 c:/program files (x86)/microchip/xc32/v1.33/bin/bin/../../lib/gcc/pic32mx/4.5.2/../../../../pic32mx/lib/size/mips16/no-float\libmchp_peripheral_32MX534F064H.a(nvm_operation_lib.o)
 .debug_pubnames
                0x0000087c       0x22 c:/program files (x86)/microchip/xc32/v1.33/bin/bin/../../lib/gcc/pic32mx/4.5.2/../../../../pic32mx/lib/size/mips16/no-float\libmchp_peripheral_32MX534F064H.a(nvm_write_row_lib.o)
 .debug_pubnames
                0x0000089e       0x23 c:/program files (x86)/microchip/xc32/v1.33/bin/bin/../../lib/gcc/pic32mx/4.5.2/../../../../pic32mx/lib/size/mips16/no-float\libmchp_peripheral_32MX534F064H.a(nvm_write_word_lib.o)
 .debug_pubnames
                0x000008c1       0x2b c:/program files (x86)/microchip/xc32/v1.33/bin/bin/../../lib/gcc/pic32mx/4.5.2/../../../../pic32mx/lib/size/mips16/no-float\libmchp_peripheral_32MX534F064H.a(port_set_pins_digital_in_lib.o)
 .debug_pubnames
                0x000008ec       0x2c c:/program files (x86)/microchip/xc32/v1.33/bin/bin/../../lib/gcc/pic32mx/4.5.2/../../../../pic32mx/lib/size/mips16/no-float\libmchp_peripheral_32MX534F064H.a(port_set_pins_digital_out_lib.o)
 .debug_pubnames
                0x00000918       0x33 c:/program files (x86)/microchip/xc32/v1.33/bin/bin/../../lib/gcc/pic32mx/4.5.2/../../../../pic32mx/lib/size/mips16/no-float\libpic32.a(default-bootstrap-exception-handler.o)
 .debug_pubnames
                0x0000094b       0x20 c:/program files (x86)/microchip/xc32/v1.33/bin/bin/../../lib/gcc/pic32mx/4.5.2/../../../../pic32mx/lib/size/mips16/no-float\libpic32.a(default-on-reset.o)
 .debug_pubnames
                0x0000096b       0x24 c:/program files (x86)/microchip/xc32/v1.33/bin/bin/../../lib/gcc/pic32mx/4.5.2/../../../../pic32mx/lib/size/mips16/no-float\libpic32.a(default-on-bootstrap.o)
 .debug_pubnames
                0x0000098f       0x31 c:/program files (x86)/microchip/xc32/v1.33/bin/bin/../../lib/gcc/pic32mx/4.5.2/../../../../pic32mx/lib/size/mips16/no-float\libpic32.a(default-general-exception-handler.o)
 .debug_pubnames
                0x000009c0       0x28 c:/program files (x86)/microchip/xc32/v1.33/bin/bin/../../lib/gcc/pic32mx/4.5.2/../../../../pic32mx/lib/size/mips16/no-float\libpic32.a(defaultinterrupt.o)
 .debug_pubnames
                0x000009e8       0x1d c:/program files (x86)/microchip/xc32/v1.33/bin/bin/../../lib/gcc/pic32mx/4.5.2/../../../../pic32mx/lib/size/mips16/no-float\libc.a(memcpy.o)
 .debug_pubnames
                0x00000a05       0x1e c:/program files (x86)/microchip/xc32/v1.33/bin/bin/../../lib/gcc/pic32mx/4.5.2/../../../../pic32mx/lib/size/mips16/no-float\libc.a(memmove.o)
 .debug_pubnames
                0x00000a23       0x1d c:/program files (x86)/microchip/xc32/v1.33/bin/bin/../../lib/gcc/pic32mx/4.5.2/../../../../pic32mx/lib/size/mips16/no-float\libc.a(memset.o)

.debug_info     0x00000000     0xf1e9
 *(.debug_info .gnu.linkonce.wi.*)
 .debug_info    0x00000000     0x1600 build/PIC32/production/usb/usb_descriptors.o
 .debug_info    0x00001600     0x39d0 build/PIC32/production/usb/usb_device.o
 .debug_info    0x00004fd0     0x170a build/PIC32/production/usb/usb_driver.o
 .debug_info    0x000066da     0x1a90 build/PIC32/production/usb/usb_function_hid.o
 .debug_info    0x0000816a     0x1a3e build/PIC32/production/main.o
 .debug_info    0x00009ba8     0x1934 build/PIC32/production/io.o
 .debug_info    0x0000b4dc     0x23fe build/PIC32/production/PIC32MX534F064H.o
 .debug_info    0x0000d8da      0x208 build/PIC32/production/crc.o
 .debug_info    0x0000dae2      0x5bb build/PIC32/production/OLED.o
 .debug_info    0x0000e09d       0xa6 c:/program files (x86)/microchip/xc32/v1.33/bin/bin/../../lib/gcc/pic32mx/4.5.2/../../../../pic32mx/lib/size/mips16/no-float\libmchp_peripheral.a(open_core_timer_lib.o)
 .debug_info    0x0000e143       0xa6 c:/program files (x86)/microchip/xc32/v1.33/bin/bin/../../lib/gcc/pic32mx/4.5.2/../../../../pic32mx/lib/size/mips16/no-float\libmchp_peripheral.a(read_core_timer_lib.o)
 .debug_info    0x0000e1e9       0xae c:/program files (x86)/microchip/xc32/v1.33/bin/bin/../../lib/gcc/pic32mx/4.5.2/../../../../pic32mx/lib/size/mips16/no-float\libmchp_peripheral_32MX534F064H.a(soft_reset_lib.o)
 .debug_info    0x0000e297       0xb2 c:/program files (x86)/microchip/xc32/v1.33/bin/bin/../../lib/gcc/pic32mx/4.5.2/../../../../pic32mx/lib/size/mips16/no-float\libmchp_peripheral_32MX534F064H.a(int_disable_interrupts_lib.o)
 .debug_info    0x0000e349       0xb2 c:/program files (x86)/microchip/xc32/v1.33/bin/bin/../../lib/gcc/pic32mx/4.5.2/../../../../pic32mx/lib/size/mips16/no-float\libmchp_peripheral_32MX534F064H.a(int_restore_interrupts_lib.o)
 .debug_info    0x0000e3fb      0x192 c:/program files (x86)/microchip/xc32/v1.33/bin/bin/../../lib/gcc/pic32mx/4.5.2/../../../../pic32mx/lib/size/mips16/no-float\libmchp_peripheral_32MX534F064H.a(int_tbl_lib.o)
 .debug_info    0x0000e58d       0x9e c:/program files (x86)/microchip/xc32/v1.33/bin/bin/../../lib/gcc/pic32mx/4.5.2/../../../../pic32mx/lib/size/mips16/no-float\libmchp_peripheral_32MX534F064H.a(spi_chn_open_lib.o)
 .debug_info    0x0000e62b       0xb1 c:/program files (x86)/microchip/xc32/v1.33/bin/bin/../../lib/gcc/pic32mx/4.5.2/../../../../pic32mx/lib/size/mips16/no-float\libmchp_peripheral_32MX534F064H.a(spi_chn_puts_lib.o)
 .debug_info    0x0000e6dc       0xc1 c:/program files (x86)/microchip/xc32/v1.33/bin/bin/../../lib/gcc/pic32mx/4.5.2/../../../../pic32mx/lib/size/mips16/no-float\libmchp_peripheral_32MX534F064H.a(spi_chn_is_busy_lib.o)
 .debug_info    0x0000e79d        0x0 c:/program files (x86)/microchip/xc32/v1.33/bin/bin/../../lib/gcc/pic32mx/4.5.2/../../../../pic32mx/lib/size/mips16/no-float\libmchp_peripheral_32MX534F064H.a(spi_io_tbl_libp.o)
 .debug_info    0x0000e79d        0x0 c:/program files (x86)/microchip/xc32/v1.33/bin/bin/../../lib/gcc/pic32mx/4.5.2/../../../../pic32mx/lib/size/mips16/no-float\libmchp_peripheral_32MX534F064H.a(spi_map_tbl_libp.o)
 .debug_info    0x0000e79d       0xa2 c:/program files (x86)/microchip/xc32/v1.33/bin/bin/../../lib/gcc/pic32mx/4.5.2/../../../../pic32mx/lib/size/mips16/no-float\libmchp_peripheral_32MX534F064H.a(nvm_erase_page_lib.o)
 .debug_info    0x0000e83f       0xc3 c:/program files (x86)/microchip/xc32/v1.33/bin/bin/../../lib/gcc/pic32mx/4.5.2/../../../../pic32mx/lib/size/mips16/no-float\libmchp_peripheral_32MX534F064H.a(nvm_operation_lib.o)
 .debug_info    0x0000e902       0xa0 c:/program files (x86)/microchip/xc32/v1.33/bin/bin/../../lib/gcc/pic32mx/4.5.2/../../../../pic32mx/lib/size/mips16/no-float\libmchp_peripheral_32MX534F064H.a(nvm_write_row_lib.o)
 .debug_info    0x0000e9a2       0xa2 c:/program files (x86)/microchip/xc32/v1.33/bin/bin/../../lib/gcc/pic32mx/4.5.2/../../../../pic32mx/lib/size/mips16/no-float\libmchp_peripheral_32MX534F064H.a(nvm_write_word_lib.o)
 .debug_info    0x0000ea44       0xb6 c:/program files (x86)/microchip/xc32/v1.33/bin/bin/../../lib/gcc/pic32mx/4.5.2/../../../../pic32mx/lib/size/mips16/no-float\libmchp_peripheral_32MX534F064H.a(port_set_pins_digital_in_lib.o)
 .debug_info    0x0000eafa       0xb8 c:/program files (x86)/microchip/xc32/v1.33/bin/bin/../../lib/gcc/pic32mx/4.5.2/../../../../pic32mx/lib/size/mips16/no-float\libmchp_peripheral_32MX534F064H.a(port_set_pins_digital_out_lib.o)
 .debug_info    0x0000ebb2        0x0 c:/program files (x86)/microchip/xc32/v1.33/bin/bin/../../lib/gcc/pic32mx/4.5.2/../../../../pic32mx/lib/size/mips16/no-float\libmchp_peripheral_32MX534F064H.a(_ports_tbl_libp.o)
 .debug_info    0x0000ebb2       0xe2 c:/program files (x86)/microchip/xc32/v1.33/bin/bin/../../lib/gcc/pic32mx/4.5.2/../../../../pic32mx/lib/size/mips16/no-float\libpic32.a(default-bootstrap-exception-handler.o)
 .debug_info    0x0000ec94       0xbc c:/program files (x86)/microchip/xc32/v1.33/bin/bin/../../lib/gcc/pic32mx/4.5.2/../../../../pic32mx/lib/size/mips16/no-float\libpic32.a(default-on-reset.o)
 .debug_info    0x0000ed50       0xc4 c:/program files (x86)/microchip/xc32/v1.33/bin/bin/../../lib/gcc/pic32mx/4.5.2/../../../../pic32mx/lib/size/mips16/no-float\libpic32.a(default-on-bootstrap.o)
 .debug_info    0x0000ee14       0xde c:/program files (x86)/microchip/xc32/v1.33/bin/bin/../../lib/gcc/pic32mx/4.5.2/../../../../pic32mx/lib/size/mips16/no-float\libpic32.a(default-general-exception-handler.o)
 .debug_info    0x0000eef2       0xd6 c:/program files (x86)/microchip/xc32/v1.33/bin/bin/../../lib/gcc/pic32mx/4.5.2/../../../../pic32mx/lib/size/mips16/no-float\libpic32.a(defaultinterrupt.o)
 .debug_info    0x0000efc8       0xb5 c:/program files (x86)/microchip/xc32/v1.33/bin/bin/../../lib/gcc/pic32mx/4.5.2/../../../../pic32mx/lib/size/mips16/no-float\libc.a(memcpy.o)
 .debug_info    0x0000f07d       0xb7 c:/program files (x86)/microchip/xc32/v1.33/bin/bin/../../lib/gcc/pic32mx/4.5.2/../../../../pic32mx/lib/size/mips16/no-float\libc.a(memmove.o)
 .debug_info    0x0000f134       0xb5 c:/program files (x86)/microchip/xc32/v1.33/bin/bin/../../lib/gcc/pic32mx/4.5.2/../../../../pic32mx/lib/size/mips16/no-float\libc.a(memset.o)

.debug_abbrev   0x00000000     0x1545
 *(.debug_abbrev)
 .debug_abbrev  0x00000000      0x1d6 build/PIC32/production/usb/usb_descriptors.o
 .debug_abbrev  0x000001d6      0x365 build/PIC32/production/usb/usb_device.o
 .debug_abbrev  0x0000053b      0x24b build/PIC32/production/usb/usb_driver.o
 .debug_abbrev  0x00000786      0x1e5 build/PIC32/production/usb/usb_function_hid.o
 .debug_abbrev  0x0000096b      0x1f4 build/PIC32/production/main.o
 .debug_abbrev  0x00000b5f      0x20d build/PIC32/production/io.o
 .debug_abbrev  0x00000d6c      0x27e build/PIC32/production/PIC32MX534F064H.o
 .debug_abbrev  0x00000fea       0x94 build/PIC32/production/crc.o
 .debug_abbrev  0x0000107e      0x162 build/PIC32/production/OLED.o
 .debug_abbrev  0x000011e0       0x23 c:/program files (x86)/microchip/xc32/v1.33/bin/bin/../../lib/gcc/pic32mx/4.5.2/../../../../pic32mx/lib/size/mips16/no-float\libmchp_peripheral.a(open_core_timer_lib.o)
 .debug_abbrev  0x00001203       0x23 c:/program files (x86)/microchip/xc32/v1.33/bin/bin/../../lib/gcc/pic32mx/4.5.2/../../../../pic32mx/lib/size/mips16/no-float\libmchp_peripheral.a(read_core_timer_lib.o)
 .debug_abbrev  0x00001226       0x32 c:/program files (x86)/microchip/xc32/v1.33/bin/bin/../../lib/gcc/pic32mx/4.5.2/../../../../pic32mx/lib/size/mips16/no-float\libmchp_peripheral_32MX534F064H.a(soft_reset_lib.o)
 .debug_abbrev  0x00001258       0x23 c:/program files (x86)/microchip/xc32/v1.33/bin/bin/../../lib/gcc/pic32mx/4.5.2/../../../../pic32mx/lib/size/mips16/no-float\libmchp_peripheral_32MX534F064H.a(int_disable_interrupts_lib.o)
 .debug_abbrev  0x0000127b       0x23 c:/program files (x86)/microchip/xc32/v1.33/bin/bin/../../lib/gcc/pic32mx/4.5.2/../../../../pic32mx/lib/size/mips16/no-float\libmchp_peripheral_32MX534F064H.a(int_restore_interrupts_lib.o)
 .debug_abbrev  0x0000129e       0x23 c:/program files (x86)/microchip/xc32/v1.33/bin/bin/../../lib/gcc/pic32mx/4.5.2/../../../../pic32mx/lib/size/mips16/no-float\libmchp_peripheral_32MX534F064H.a(int_tbl_lib.o)
 .debug_abbrev  0x000012c1       0x23 c:/program files (x86)/microchip/xc32/v1.33/bin/bin/../../lib/gcc/pic32mx/4.5.2/../../../../pic32mx/lib/size/mips16/no-float\libmchp_peripheral_32MX534F064H.a(spi_chn_open_lib.o)
 .debug_abbrev  0x000012e4       0x32 c:/program files (x86)/microchip/xc32/v1.33/bin/bin/../../lib/gcc/pic32mx/4.5.2/../../../../pic32mx/lib/size/mips16/no-float\libmchp_peripheral_32MX534F064H.a(spi_chn_puts_lib.o)
 .debug_abbrev  0x00001316       0x23 c:/program files (x86)/microchip/xc32/v1.33/bin/bin/../../lib/gcc/pic32mx/4.5.2/../../../../pic32mx/lib/size/mips16/no-float\libmchp_peripheral_32MX534F064H.a(spi_chn_is_busy_lib.o)
 .debug_abbrev  0x00001339        0x1 c:/program files (x86)/microchip/xc32/v1.33/bin/bin/../../lib/gcc/pic32mx/4.5.2/../../../../pic32mx/lib/size/mips16/no-float\libmchp_peripheral_32MX534F064H.a(spi_io_tbl_libp.o)
 .debug_abbrev  0x0000133a        0x1 c:/program files (x86)/microchip/xc32/v1.33/bin/bin/../../lib/gcc/pic32mx/4.5.2/../../../../pic32mx/lib/size/mips16/no-float\libmchp_peripheral_32MX534F064H.a(spi_map_tbl_libp.o)
 .debug_abbrev  0x0000133b       0x23 c:/program files (x86)/microchip/xc32/v1.33/bin/bin/../../lib/gcc/pic32mx/4.5.2/../../../../pic32mx/lib/size/mips16/no-float\libmchp_peripheral_32MX534F064H.a(nvm_erase_page_lib.o)
 .debug_abbrev  0x0000135e       0x32 c:/program files (x86)/microchip/xc32/v1.33/bin/bin/../../lib/gcc/pic32mx/4.5.2/../../../../pic32mx/lib/size/mips16/no-float\libmchp_peripheral_32MX534F064H.a(nvm_operation_lib.o)
 .debug_abbrev  0x00001390       0x23 c:/program files (x86)/microchip/xc32/v1.33/bin/bin/../../lib/gcc/pic32mx/4.5.2/../../../../pic32mx/lib/size/mips16/no-float\libmchp_peripheral_32MX534F064H.a(nvm_write_row_lib.o)
 .debug_abbrev  0x000013b3       0x23 c:/program files (x86)/microchip/xc32/v1.33/bin/bin/../../lib/gcc/pic32mx/4.5.2/../../../../pic32mx/lib/size/mips16/no-float\libmchp_peripheral_32MX534F064H.a(nvm_write_word_lib.o)
 .debug_abbrev  0x000013d6       0x23 c:/program files (x86)/microchip/xc32/v1.33/bin/bin/../../lib/gcc/pic32mx/4.5.2/../../../../pic32mx/lib/size/mips16/no-float\libmchp_peripheral_32MX534F064H.a(port_set_pins_digital_in_lib.o)
 .debug_abbrev  0x000013f9       0x23 c:/program files (x86)/microchip/xc32/v1.33/bin/bin/../../lib/gcc/pic32mx/4.5.2/../../../../pic32mx/lib/size/mips16/no-float\libmchp_peripheral_32MX534F064H.a(port_set_pins_digital_out_lib.o)
 .debug_abbrev  0x0000141c        0x1 c:/program files (x86)/microchip/xc32/v1.33/bin/bin/../../lib/gcc/pic32mx/4.5.2/../../../../pic32mx/lib/size/mips16/no-float\libmchp_peripheral_32MX534F064H.a(_ports_tbl_libp.o)
 .debug_abbrev  0x0000141d       0x25 c:/program files (x86)/microchip/xc32/v1.33/bin/bin/../../lib/gcc/pic32mx/4.5.2/../../../../pic32mx/lib/size/mips16/no-float\libpic32.a(default-bootstrap-exception-handler.o)
 .debug_abbrev  0x00001442       0x25 c:/program files (x86)/microchip/xc32/v1.33/bin/bin/../../lib/gcc/pic32mx/4.5.2/../../../../pic32mx/lib/size/mips16/no-float\libpic32.a(default-on-reset.o)
 .debug_abbrev  0x00001467       0x25 c:/program files (x86)/microchip/xc32/v1.33/bin/bin/../../lib/gcc/pic32mx/4.5.2/../../../../pic32mx/lib/size/mips16/no-float\libpic32.a(default-on-bootstrap.o)
 .debug_abbrev  0x0000148c       0x25 c:/program files (x86)/microchip/xc32/v1.33/bin/bin/../../lib/gcc/pic32mx/4.5.2/../../../../pic32mx/lib/size/mips16/no-float\libpic32.a(default-general-exception-handler.o)
 .debug_abbrev  0x000014b1       0x25 c:/program files (x86)/microchip/xc32/v1.33/bin/bin/../../lib/gcc/pic32mx/4.5.2/../../../../pic32mx/lib/size/mips16/no-float\libpic32.a(defaultinterrupt.o)
 .debug_abbrev  0x000014d6       0x25 c:/program files (x86)/microchip/xc32/v1.33/bin/bin/../../lib/gcc/pic32mx/4.5.2/../../../../pic32mx/lib/size/mips16/no-float\libc.a(memcpy.o)
 .debug_abbrev  0x000014fb       0x25 c:/program files (x86)/microchip/xc32/v1.33/bin/bin/../../lib/gcc/pic32mx/4.5.2/../../../../pic32mx/lib/size/mips16/no-float\libc.a(memmove.o)
 .debug_abbrev  0x00001520       0x25 c:/program files (x86)/microchip/xc32/v1.33/bin/bin/../../lib/gcc/pic32mx/4.5.2/../../../../pic32mx/lib/size/mips16/no-float\libc.a(memset.o)

.debug_line     0x00000000     0x21de
 *(.debug_line)
 .debug_line    0x00000000      0x1b7 build/PIC32/production/usb/usb_descriptors.o
 .debug_line    0x000001b7      0x5fb build/PIC32/production/usb/usb_device.o
 .debug_line    0x000007b2      0x214 build/PIC32/production/usb/usb_driver.o
 .debug_line    0x000009c6      0x204 build/PIC32/production/usb/usb_function_hid.o
 .debug_line    0x00000bca      0x27b build/PIC32/production/main.o
 .debug_line    0x00000e45      0x284 build/PIC32/production/io.o
 .debug_line    0x000010c9      0x33c build/PIC32/production/PIC32MX534F064H.o
 .debug_line    0x00001405       0xe9 build/PIC32/production/crc.o
 .debug_line    0x000014ee      0x1c9 build/PIC32/production/OLED.o
 .debug_line    0x000016b7       0x6e c:/program files (x86)/microchip/xc32/v1.33/bin/bin/../../lib/gcc/pic32mx/4.5.2/../../../../pic32mx/lib/size/mips16/no-float\libmchp_peripheral.a(open_core_timer_lib.o)
 .debug_line    0x00001725       0x6e c:/program files (x86)/microchip/xc32/v1.33/bin/bin/../../lib/gcc/pic32mx/4.5.2/../../../../pic32mx/lib/size/mips16/no-float\libmchp_peripheral.a(read_core_timer_lib.o)
 .debug_line    0x00001793       0xb1 c:/program files (x86)/microchip/xc32/v1.33/bin/bin/../../lib/gcc/pic32mx/4.5.2/../../../../pic32mx/lib/size/mips16/no-float\libmchp_peripheral_32MX534F064H.a(soft_reset_lib.o)
 .debug_line    0x00001844       0x73 c:/program files (x86)/microchip/xc32/v1.33/bin/bin/../../lib/gcc/pic32mx/4.5.2/../../../../pic32mx/lib/size/mips16/no-float\libmchp_peripheral_32MX534F064H.a(int_disable_interrupts_lib.o)
 .debug_line    0x000018b7       0x73 c:/program files (x86)/microchip/xc32/v1.33/bin/bin/../../lib/gcc/pic32mx/4.5.2/../../../../pic32mx/lib/size/mips16/no-float\libmchp_peripheral_32MX534F064H.a(int_restore_interrupts_lib.o)
 .debug_line    0x0000192a       0x64 c:/program files (x86)/microchip/xc32/v1.33/bin/bin/../../lib/gcc/pic32mx/4.5.2/../../../../pic32mx/lib/size/mips16/no-float\libmchp_peripheral_32MX534F064H.a(int_tbl_lib.o)
 .debug_line    0x0000198e       0x69 c:/program files (x86)/microchip/xc32/v1.33/bin/bin/../../lib/gcc/pic32mx/4.5.2/../../../../pic32mx/lib/size/mips16/no-float\libmchp_peripheral_32MX534F064H.a(spi_chn_open_lib.o)
 .debug_line    0x000019f7       0x7b c:/program files (x86)/microchip/xc32/v1.33/bin/bin/../../lib/gcc/pic32mx/4.5.2/../../../../pic32mx/lib/size/mips16/no-float\libmchp_peripheral_32MX534F064H.a(spi_chn_puts_lib.o)
 .debug_line    0x00001a72       0x6c c:/program files (x86)/microchip/xc32/v1.33/bin/bin/../../lib/gcc/pic32mx/4.5.2/../../../../pic32mx/lib/size/mips16/no-float\libmchp_peripheral_32MX534F064H.a(spi_chn_is_busy_lib.o)
 .debug_line    0x00001ade        0x0 c:/program files (x86)/microchip/xc32/v1.33/bin/bin/../../lib/gcc/pic32mx/4.5.2/../../../../pic32mx/lib/size/mips16/no-float\libmchp_peripheral_32MX534F064H.a(spi_io_tbl_libp.o)
 .debug_line    0x00001ade        0x0 c:/program files (x86)/microchip/xc32/v1.33/bin/bin/../../lib/gcc/pic32mx/4.5.2/../../../../pic32mx/lib/size/mips16/no-float\libmchp_peripheral_32MX534F064H.a(spi_map_tbl_libp.o)
 .debug_line    0x00001ade       0x6b c:/program files (x86)/microchip/xc32/v1.33/bin/bin/../../lib/gcc/pic32mx/4.5.2/../../../../pic32mx/lib/size/mips16/no-float\libmchp_peripheral_32MX534F064H.a(nvm_erase_page_lib.o)
 .debug_line    0x00001b49       0xb2 c:/program files (x86)/microchip/xc32/v1.33/bin/bin/../../lib/gcc/pic32mx/4.5.2/../../../../pic32mx/lib/size/mips16/no-float\libmchp_peripheral_32MX534F064H.a(nvm_operation_lib.o)
 .debug_line    0x00001bfb       0x6a c:/program files (x86)/microchip/xc32/v1.33/bin/bin/../../lib/gcc/pic32mx/4.5.2/../../../../pic32mx/lib/size/mips16/no-float\libmchp_peripheral_32MX534F064H.a(nvm_write_row_lib.o)
 .debug_line    0x00001c65       0x6b c:/program files (x86)/microchip/xc32/v1.33/bin/bin/../../lib/gcc/pic32mx/4.5.2/../../../../pic32mx/lib/size/mips16/no-float\libmchp_peripheral_32MX534F064H.a(nvm_write_word_lib.o)
 .debug_line    0x00001cd0       0x77 c:/program files (x86)/microchip/xc32/v1.33/bin/bin/../../lib/gcc/pic32mx/4.5.2/../../../../pic32mx/lib/size/mips16/no-float\libmchp_peripheral_32MX534F064H.a(port_set_pins_digital_in_lib.o)
 .debug_line    0x00001d47       0x78 c:/program files (x86)/microchip/xc32/v1.33/bin/bin/../../lib/gcc/pic32mx/4.5.2/../../../../pic32mx/lib/size/mips16/no-float\libmchp_peripheral_32MX534F064H.a(port_set_pins_digital_out_lib.o)
 .debug_line    0x00001dbf        0x0 c:/program files (x86)/microchip/xc32/v1.33/bin/bin/../../lib/gcc/pic32mx/4.5.2/../../../../pic32mx/lib/size/mips16/no-float\libmchp_peripheral_32MX534F064H.a(_ports_tbl_libp.o)
 .debug_line    0x00001dbf       0x97 c:/program files (x86)/microchip/xc32/v1.33/bin/bin/../../lib/gcc/pic32mx/4.5.2/../../../../pic32mx/lib/size/mips16/no-float\libpic32.a(default-bootstrap-exception-handler.o)
 .debug_line    0x00001e56       0x84 c:/program files (x86)/microchip/xc32/v1.33/bin/bin/../../lib/gcc/pic32mx/4.5.2/../../../../pic32mx/lib/size/mips16/no-float\libpic32.a(default-on-reset.o)
 .debug_line    0x00001eda       0x88 c:/program files (x86)/microchip/xc32/v1.33/bin/bin/../../lib/gcc/pic32mx/4.5.2/../../../../pic32mx/lib/size/mips16/no-float\libpic32.a(default-on-bootstrap.o)
 .debug_line    0x00001f62       0x95 c:/program files (x86)/microchip/xc32/v1.33/bin/bin/../../lib/gcc/pic32mx/4.5.2/../../../../pic32mx/lib/size/mips16/no-float\libpic32.a(default-general-exception-handler.o)
 .debug_line    0x00001ff7       0x96 c:/program files (x86)/microchip/xc32/v1.33/bin/bin/../../lib/gcc/pic32mx/4.5.2/../../../../pic32mx/lib/size/mips16/no-float\libpic32.a(defaultinterrupt.o)
 .debug_line    0x0000208d       0x70 c:/program files (x86)/microchip/xc32/v1.33/bin/bin/../../lib/gcc/pic32mx/4.5.2/../../../../pic32mx/lib/size/mips16/no-float\libc.a(memcpy.o)
 .debug_line    0x000020fd       0x71 c:/program files (x86)/microchip/xc32/v1.33/bin/bin/../../lib/gcc/pic32mx/4.5.2/../../../../pic32mx/lib/size/mips16/no-float\libc.a(memmove.o)
 .debug_line    0x0000216e       0x70 c:/program files (x86)/microchip/xc32/v1.33/bin/bin/../../lib/gcc/pic32mx/4.5.2/../../../../pic32mx/lib/size/mips16/no-float\libc.a(memset.o)

.debug_frame    0x00000000      0x768
 *(.debug_frame)
 .debug_frame   0x00000000       0xfc build/PIC32/production/usb/usb_device.o
 .debug_frame   0x000000fc       0x80 build/PIC32/production/usb/usb_driver.o
 .debug_frame   0x0000017c       0x20 build/PIC32/production/usb/usb_function_hid.o
 .debug_frame   0x0000019c       0x48 build/PIC32/production/main.o
 .debug_frame   0x000001e4       0x5c build/PIC32/production/io.o
 .debug_frame   0x00000240       0xf8 build/PIC32/production/PIC32MX534F064H.o
 .debug_frame   0x00000338       0x28 build/PIC32/production/crc.o
 .debug_frame   0x00000360       0x44 build/PIC32/production/OLED.o
 .debug_frame   0x000003a4       0x20 c:/program files (x86)/microchip/xc32/v1.33/bin/bin/../../lib/gcc/pic32mx/4.5.2/../../../../pic32mx/lib/size/mips16/no-float\libmchp_peripheral.a(open_core_timer_lib.o)
 .debug_frame   0x000003c4       0x20 c:/program files (x86)/microchip/xc32/v1.33/bin/bin/../../lib/gcc/pic32mx/4.5.2/../../../../pic32mx/lib/size/mips16/no-float\libmchp_peripheral.a(read_core_timer_lib.o)
 .debug_frame   0x000003e4       0x28 c:/program files (x86)/microchip/xc32/v1.33/bin/bin/../../lib/gcc/pic32mx/4.5.2/../../../../pic32mx/lib/size/mips16/no-float\libmchp_peripheral_32MX534F064H.a(soft_reset_lib.o)
 .debug_frame   0x0000040c       0x20 c:/program files (x86)/microchip/xc32/v1.33/bin/bin/../../lib/gcc/pic32mx/4.5.2/../../../../pic32mx/lib/size/mips16/no-float\libmchp_peripheral_32MX534F064H.a(int_disable_interrupts_lib.o)
 .debug_frame   0x0000042c       0x20 c:/program files (x86)/microchip/xc32/v1.33/bin/bin/../../lib/gcc/pic32mx/4.5.2/../../../../pic32mx/lib/size/mips16/no-float\libmchp_peripheral_32MX534F064H.a(int_restore_interrupts_lib.o)
 .debug_frame   0x0000044c       0xa0 c:/program files (x86)/microchip/xc32/v1.33/bin/bin/../../lib/gcc/pic32mx/4.5.2/../../../../pic32mx/lib/size/mips16/no-float\libmchp_peripheral_32MX534F064H.a(int_tbl_lib.o)
 .debug_frame   0x000004ec       0x34 c:/program files (x86)/microchip/xc32/v1.33/bin/bin/../../lib/gcc/pic32mx/4.5.2/../../../../pic32mx/lib/size/mips16/no-float\libmchp_peripheral_32MX534F064H.a(spi_chn_open_lib.o)
 .debug_frame   0x00000520       0x28 c:/program files (x86)/microchip/xc32/v1.33/bin/bin/../../lib/gcc/pic32mx/4.5.2/../../../../pic32mx/lib/size/mips16/no-float\libmchp_peripheral_32MX534F064H.a(spi_chn_puts_lib.o)
 .debug_frame   0x00000548       0x30 c:/program files (x86)/microchip/xc32/v1.33/bin/bin/../../lib/gcc/pic32mx/4.5.2/../../../../pic32mx/lib/size/mips16/no-float\libmchp_peripheral_32MX534F064H.a(spi_chn_is_busy_lib.o)
 .debug_frame   0x00000578       0x28 c:/program files (x86)/microchip/xc32/v1.33/bin/bin/../../lib/gcc/pic32mx/4.5.2/../../../../pic32mx/lib/size/mips16/no-float\libmchp_peripheral_32MX534F064H.a(nvm_erase_page_lib.o)
 .debug_frame   0x000005a0       0x28 c:/program files (x86)/microchip/xc32/v1.33/bin/bin/../../lib/gcc/pic32mx/4.5.2/../../../../pic32mx/lib/size/mips16/no-float\libmchp_peripheral_32MX534F064H.a(nvm_operation_lib.o)
 .debug_frame   0x000005c8       0x28 c:/program files (x86)/microchip/xc32/v1.33/bin/bin/../../lib/gcc/pic32mx/4.5.2/../../../../pic32mx/lib/size/mips16/no-float\libmchp_peripheral_32MX534F064H.a(nvm_write_row_lib.o)
 .debug_frame   0x000005f0       0x28 c:/program files (x86)/microchip/xc32/v1.33/bin/bin/../../lib/gcc/pic32mx/4.5.2/../../../../pic32mx/lib/size/mips16/no-float\libmchp_peripheral_32MX534F064H.a(nvm_write_word_lib.o)
 .debug_frame   0x00000618       0x20 c:/program files (x86)/microchip/xc32/v1.33/bin/bin/../../lib/gcc/pic32mx/4.5.2/../../../../pic32mx/lib/size/mips16/no-float\libmchp_peripheral_32MX534F064H.a(port_set_pins_digital_in_lib.o)
 .debug_frame   0x00000638       0x20 c:/program files (x86)/microchip/xc32/v1.33/bin/bin/../../lib/gcc/pic32mx/4.5.2/../../../../pic32mx/lib/size/mips16/no-float\libmchp_peripheral_32MX534F064H.a(port_set_pins_digital_out_lib.o)
 .debug_frame   0x00000658       0x28 c:/program files (x86)/microchip/xc32/v1.33/bin/bin/../../lib/gcc/pic32mx/4.5.2/../../../../pic32mx/lib/size/mips16/no-float\libpic32.a(default-bootstrap-exception-handler.o)
 .debug_frame   0x00000680       0x20 c:/program files (x86)/microchip/xc32/v1.33/bin/bin/../../lib/gcc/pic32mx/4.5.2/../../../../pic32mx/lib/size/mips16/no-float\libpic32.a(default-on-reset.o)
 .debug_frame   0x000006a0       0x20 c:/program files (x86)/microchip/xc32/v1.33/bin/bin/../../lib/gcc/pic32mx/4.5.2/../../../../pic32mx/lib/size/mips16/no-float\libpic32.a(default-on-bootstrap.o)
 .debug_frame   0x000006c0       0x28 c:/program files (x86)/microchip/xc32/v1.33/bin/bin/../../lib/gcc/pic32mx/4.5.2/../../../../pic32mx/lib/size/mips16/no-float\libpic32.a(default-general-exception-handler.o)
 .debug_frame   0x000006e8       0x20 c:/program files (x86)/microchip/xc32/v1.33/bin/bin/../../lib/gcc/pic32mx/4.5.2/../../../../pic32mx/lib/size/mips16/no-float\libpic32.a(defaultinterrupt.o)
 .debug_frame   0x00000708       0x20 c:/program files (x86)/microchip/xc32/v1.33/bin/bin/../../lib/gcc/pic32mx/4.5.2/../../../../pic32mx/lib/size/mips16/no-float\libc.a(memcpy.o)
 .debug_frame   0x00000728       0x20 c:/program files (x86)/microchip/xc32/v1.33/bin/bin/../../lib/gcc/pic32mx/4.5.2/../../../../pic32mx/lib/size/mips16/no-float\libc.a(memmove.o)
 .debug_frame   0x00000748       0x20 c:/program files (x86)/microchip/xc32/v1.33/bin/bin/../../lib/gcc/pic32mx/4.5.2/../../../../pic32mx/lib/size/mips16/no-float\libc.a(memset.o)

.debug_str      0x00000000      0xac6
 *(.debug_str)
 .debug_str     0x00000000      0x10c build/PIC32/production/usb/usb_descriptors.o
 .debug_str     0x0000010c      0x364 build/PIC32/production/usb/usb_device.o
 .debug_str     0x00000470      0x13b build/PIC32/production/usb/usb_driver.o
 .debug_str     0x000005ab      0x146 build/PIC32/production/usb/usb_function_hid.o
 .debug_str     0x000006f1      0x119 build/PIC32/production/main.o
 .debug_str     0x0000080a      0x12d build/PIC32/production/io.o
 .debug_str     0x00000937      0x13e build/PIC32/production/PIC32MX534F064H.o
 .debug_str     0x00000a75        0x0 build/PIC32/production/crc.o
 .debug_str     0x00000a75       0x51 build/PIC32/production/OLED.o
 .debug_str     0x00000ac6        0x0 c:/program files (x86)/microchip/xc32/v1.33/bin/bin/../../lib/gcc/pic32mx/4.5.2/../../../../pic32mx/lib/size/mips16/no-float\libmchp_peripheral.a(open_core_timer_lib.o)
 .debug_str     0x00000ac6        0x0 c:/program files (x86)/microchip/xc32/v1.33/bin/bin/../../lib/gcc/pic32mx/4.5.2/../../../../pic32mx/lib/size/mips16/no-float\libmchp_peripheral.a(read_core_timer_lib.o)
 .debug_str     0x00000ac6        0x0 c:/program files (x86)/microchip/xc32/v1.33/bin/bin/../../lib/gcc/pic32mx/4.5.2/../../../../pic32mx/lib/size/mips16/no-float\libmchp_peripheral_32MX534F064H.a(soft_reset_lib.o)
 .debug_str     0x00000ac6        0x0 c:/program files (x86)/microchip/xc32/v1.33/bin/bin/../../lib/gcc/pic32mx/4.5.2/../../../../pic32mx/lib/size/mips16/no-float\libmchp_peripheral_32MX534F064H.a(int_disable_interrupts_lib.o)
 .debug_str     0x00000ac6        0x0 c:/program files (x86)/microchip/xc32/v1.33/bin/bin/../../lib/gcc/pic32mx/4.5.2/../../../../pic32mx/lib/size/mips16/no-float\libmchp_peripheral_32MX534F064H.a(int_restore_interrupts_lib.o)
 .debug_str     0x00000ac6        0x0 c:/program files (x86)/microchip/xc32/v1.33/bin/bin/../../lib/gcc/pic32mx/4.5.2/../../../../pic32mx/lib/size/mips16/no-float\libmchp_peripheral_32MX534F064H.a(int_tbl_lib.o)
 .debug_str     0x00000ac6        0x0 c:/program files (x86)/microchip/xc32/v1.33/bin/bin/../../lib/gcc/pic32mx/4.5.2/../../../../pic32mx/lib/size/mips16/no-float\libmchp_peripheral_32MX534F064H.a(spi_chn_open_lib.o)
 .debug_str     0x00000ac6        0x0 c:/program files (x86)/microchip/xc32/v1.33/bin/bin/../../lib/gcc/pic32mx/4.5.2/../../../../pic32mx/lib/size/mips16/no-float\libmchp_peripheral_32MX534F064H.a(spi_chn_puts_lib.o)
 .debug_str     0x00000ac6        0x0 c:/program files (x86)/microchip/xc32/v1.33/bin/bin/../../lib/gcc/pic32mx/4.5.2/../../../../pic32mx/lib/size/mips16/no-float\libmchp_peripheral_32MX534F064H.a(spi_chn_is_busy_lib.o)
 .debug_str     0x00000ac6        0x0 c:/program files (x86)/microchip/xc32/v1.33/bin/bin/../../lib/gcc/pic32mx/4.5.2/../../../../pic32mx/lib/size/mips16/no-float\libmchp_peripheral_32MX534F064H.a(spi_io_tbl_libp.o)
 .debug_str     0x00000ac6        0x0 c:/program files (x86)/microchip/xc32/v1.33/bin/bin/../../lib/gcc/pic32mx/4.5.2/../../../../pic32mx/lib/size/mips16/no-float\libmchp_peripheral_32MX534F064H.a(spi_map_tbl_libp.o)
 .debug_str     0x00000ac6        0x0 c:/program files (x86)/microchip/xc32/v1.33/bin/bin/../../lib/gcc/pic32mx/4.5.2/../../../../pic32mx/lib/size/mips16/no-float\libmchp_peripheral_32MX534F064H.a(nvm_erase_page_lib.o)
 .debug_str     0x00000ac6        0x0 c:/program files (x86)/microchip/xc32/v1.33/bin/bin/../../lib/gcc/pic32mx/4.5.2/../../../../pic32mx/lib/size/mips16/no-float\libmchp_peripheral_32MX534F064H.a(nvm_operation_lib.o)
 .debug_str     0x00000ac6        0x0 c:/program files (x86)/microchip/xc32/v1.33/bin/bin/../../lib/gcc/pic32mx/4.5.2/../../../../pic32mx/lib/size/mips16/no-float\libmchp_peripheral_32MX534F064H.a(nvm_write_row_lib.o)
 .debug_str     0x00000ac6        0x0 c:/program files (x86)/microchip/xc32/v1.33/bin/bin/../../lib/gcc/pic32mx/4.5.2/../../../../pic32mx/lib/size/mips16/no-float\libmchp_peripheral_32MX534F064H.a(nvm_write_word_lib.o)
 .debug_str     0x00000ac6        0x0 c:/program files (x86)/microchip/xc32/v1.33/bin/bin/../../lib/gcc/pic32mx/4.5.2/../../../../pic32mx/lib/size/mips16/no-float\libmchp_peripheral_32MX534F064H.a(port_set_pins_digital_in_lib.o)
 .debug_str     0x00000ac6        0x0 c:/program files (x86)/microchip/xc32/v1.33/bin/bin/../../lib/gcc/pic32mx/4.5.2/../../../../pic32mx/lib/size/mips16/no-float\libmchp_peripheral_32MX534F064H.a(port_set_pins_digital_out_lib.o)
 .debug_str     0x00000ac6        0x0 c:/program files (x86)/microchip/xc32/v1.33/bin/bin/../../lib/gcc/pic32mx/4.5.2/../../../../pic32mx/lib/size/mips16/no-float\libmchp_peripheral_32MX534F064H.a(_ports_tbl_libp.o)
 .debug_str     0x00000ac6        0x0 c:/program files (x86)/microchip/xc32/v1.33/bin/bin/../../lib/gcc/pic32mx/4.5.2/../../../../pic32mx/lib/size/mips16/no-float\libpic32.a(default-bootstrap-exception-handler.o)
 .debug_str     0x00000ac6        0x0 c:/program files (x86)/microchip/xc32/v1.33/bin/bin/../../lib/gcc/pic32mx/4.5.2/../../../../pic32mx/lib/size/mips16/no-float\libpic32.a(default-on-reset.o)
 .debug_str     0x00000ac6        0x0 c:/program files (x86)/microchip/xc32/v1.33/bin/bin/../../lib/gcc/pic32mx/4.5.2/../../../../pic32mx/lib/size/mips16/no-float\libpic32.a(default-on-bootstrap.o)
 .debug_str     0x00000ac6        0x0 c:/program files (x86)/microchip/xc32/v1.33/bin/bin/../../lib/gcc/pic32mx/4.5.2/../../../../pic32mx/lib/size/mips16/no-float\libpic32.a(default-general-exception-handler.o)
 .debug_str     0x00000ac6        0x0 c:/program files (x86)/microchip/xc32/v1.33/bin/bin/../../lib/gcc/pic32mx/4.5.2/../../../../pic32mx/lib/size/mips16/no-float\libpic32.a(defaultinterrupt.o)
 .debug_str     0x00000ac6        0x0 c:/program files (x86)/microchip/xc32/v1.33/bin/bin/../../lib/gcc/pic32mx/4.5.2/../../../../pic32mx/lib/size/mips16/no-float\libc.a(memcpy.o)
 .debug_str     0x00000ac6        0x0 c:/program files (x86)/microchip/xc32/v1.33/bin/bin/../../lib/gcc/pic32mx/4.5.2/../../../../pic32mx/lib/size/mips16/no-float\libc.a(memmove.o)
 .debug_str     0x00000ac6        0x0 c:/program files (x86)/microchip/xc32/v1.33/bin/bin/../../lib/gcc/pic32mx/4.5.2/../../../../pic32mx/lib/size/mips16/no-float\libc.a(memset.o)

.debug_loc      0x00000000      0x405
 *(.debug_loc)
 .debug_loc     0x00000000      0x1d2 build/PIC32/production/usb/usb_device.o
 .debug_loc     0x000001d2       0x5a build/PIC32/production/usb/usb_driver.o
 .debug_loc     0x0000022c       0x1f build/PIC32/production/main.o
 .debug_loc     0x0000024b      0x13f build/PIC32/production/PIC32MX534F064H.o
 .debug_loc     0x0000038a       0x7b build/PIC32/production/crc.o

.debug_macinfo
 *(.debug_macinfo)

.debug_weaknames
 *(.debug_weaknames)

.debug_funcnames
 *(.debug_funcnames)

.debug_typenames
 *(.debug_typenames)

.debug_varnames
 *(.debug_varnames)

.debug_pubtypes
                0x00000000      0x9fe
 *(.debug_pubtypes)
 .debug_pubtypes
                0x00000000      0x104 build/PIC32/production/usb/usb_descriptors.o
 .debug_pubtypes
                0x00000104      0x285 build/PIC32/production/usb/usb_device.o
 .debug_pubtypes
                0x00000389      0x107 build/PIC32/production/usb/usb_driver.o
 .debug_pubtypes
                0x00000490      0x108 build/PIC32/production/usb/usb_function_hid.o
 .debug_pubtypes
                0x00000598      0x106 build/PIC32/production/main.o
 .debug_pubtypes
                0x0000069e      0x161 build/PIC32/production/io.o
 .debug_pubtypes
                0x000007ff      0x170 build/PIC32/production/PIC32MX534F064H.o
 .debug_pubtypes
                0x0000096f       0x32 build/PIC32/production/crc.o
 .debug_pubtypes
                0x000009a1       0x5d build/PIC32/production/OLED.o

.debug_ranges   0x00000000      0x1c8
 *(.debug_ranges)
 .debug_ranges  0x00000000       0x58 build/PIC32/production/usb/usb_device.o
 .debug_ranges  0x00000058       0x30 build/PIC32/production/usb/usb_driver.o
 .debug_ranges  0x00000088       0x10 build/PIC32/production/usb/usb_function_hid.o
 .debug_ranges  0x00000098       0x18 build/PIC32/production/main.o
 .debug_ranges  0x000000b0       0x20 build/PIC32/production/io.o
 .debug_ranges  0x000000d0       0x50 build/PIC32/production/PIC32MX534F064H.o
 .debug_ranges  0x00000120       0x10 build/PIC32/production/crc.o
 .debug_ranges  0x00000130       0x18 build/PIC32/production/OLED.o
 .debug_ranges  0x00000148       0x10 c:/program files (x86)/microchip/xc32/v1.33/bin/bin/../../lib/gcc/pic32mx/4.5.2/../../../../pic32mx/lib/size/mips16/no-float\libpic32.a(default-bootstrap-exception-handler.o)
 .debug_ranges  0x00000158       0x10 c:/program files (x86)/microchip/xc32/v1.33/bin/bin/../../lib/gcc/pic32mx/4.5.2/../../../../pic32mx/lib/size/mips16/no-float\libpic32.a(default-on-reset.o)
 .debug_ranges  0x00000168       0x10 c:/program files (x86)/microchip/xc32/v1.33/bin/bin/../../lib/gcc/pic32mx/4.5.2/../../../../pic32mx/lib/size/mips16/no-float\libpic32.a(default-on-bootstrap.o)
 .debug_ranges  0x00000178       0x10 c:/program files (x86)/microchip/xc32/v1.33/bin/bin/../../lib/gcc/pic32mx/4.5.2/../../../../pic32mx/lib/size/mips16/no-float\libpic32.a(default-general-exception-handler.o)
 .debug_ranges  0x00000188       0x10 c:/program files (x86)/microchip/xc32/v1.33/bin/bin/../../lib/gcc/pic32mx/4.5.2/../../../../pic32mx/lib/size/mips16/no-float\libpic32.a(defaultinterrupt.o)
 .debug_ranges  0x00000198       0x10 c:/program files (x86)/microchip/xc32/v1.33/bin/bin/../../lib/gcc/pic32mx/4.5.2/../../../../pic32mx/lib/size/mips16/no-float\libc.a(memcpy.o)
 .debug_ranges  0x000001a8       0x10 c:/program files (x86)/microchip/xc32/v1.33/bin/bin/../../lib/gcc/pic32mx/4.5.2/../../../../pic32mx/lib/size/mips16/no-float\libc.a(memmove.o)
 .debug_ranges  0x000001b8       0x10 c:/program files (x86)/microchip/xc32/v1.33/bin/bin/../../lib/gcc/pic32mx/4.5.2/../../../../pic32mx/lib/size/mips16/no-float\libc.a(memset.o)

.gnu.attributes
 *(.gnu.attributes)
LOAD c:/program files (x86)/microchip/xc32/v1.33/bin/bin/../../lib/gcc/pic32mx/4.5.2/../../../../pic32mx/lib/./proc/32MX534F064H\default_isr_vectors.o
LOAD c:/program files (x86)/microchip/xc32/v1.33/bin/bin/../../lib/gcc/pic32mx/4.5.2/../../../../pic32mx/lib/size/mips16/no-float\pic32_software_reset.o
LOAD c:/program files (x86)/microchip/xc32/v1.33/bin/bin/../../lib/gcc/pic32mx/4.5.2/size/mips16/no-float\libgcc.a
START GROUP
LOAD c:/program files (x86)/microchip/xc32/v1.33/bin/bin/../../lib/gcc/pic32mx/4.5.2/../../../../pic32mx/lib/size/mips16/no-float\libpic32.a
LOAD c:/program files (x86)/microchip/xc32/v1.33/bin/bin/../../lib/gcc/pic32mx/4.5.2/../../../../pic32mx/lib/size/mips16/no-float\libdebug.a
LOAD c:/program files (x86)/microchip/xc32/v1.33/bin/bin/../../lib/gcc/pic32mx/4.5.2/../../../../pic32mx/lib/size/mips16/no-float\libpic32.a
LOAD c:/program files (x86)/microchip/xc32/v1.33/bin/bin/../../lib/gcc/pic32mx/4.5.2/../../../../pic32mx/lib/size/mips16/no-float\libm.a
LOAD c:/program files (x86)/microchip/xc32/v1.33/bin/bin/../../lib/gcc/pic32mx/4.5.2/../../../../pic32mx/lib/size/mips16/no-float\libe.a
LOAD c:/program files (x86)/microchip/xc32/v1.33/bin/bin/../../lib/gcc/pic32mx/4.5.2/../../../../pic32mx/lib/size/mips16/no-float\libdsp.a
LOAD c:/program files (x86)/microchip/xc32/v1.33/bin/bin/../../lib/gcc/pic32mx/4.5.2/size/mips16/no-float\libgcc.a
LOAD c:/program files (x86)/microchip/xc32/v1.33/bin/bin/../../lib/gcc/pic32mx/4.5.2/../../../../pic32mx/lib/size/mips16/no-float\libc.a
LOAD c:/program files (x86)/microchip/xc32/v1.33/bin/bin/../../lib/gcc/pic32mx/4.5.2/../../../../pic32mx/lib/size/mips16/no-float\libpic32.a
END GROUP
LOAD c:/program files (x86)/microchip/xc32/v1.33/bin/bin/../../lib/gcc/pic32mx/4.5.2/size/mips16/no-float\libgcc.a
OUTPUT(dist/PIC32/production/US_BootLoader.X.production.elf elf32-tradlittlemips)
LOAD stack
LOAD data_init

.reginfo        0x00000000       0x18
 .reginfo       0x00000000       0x18 c:/program files (x86)/microchip/xc32/v1.33/bin/bin/../../lib/gcc/pic32mx/4.5.2/../../../../pic32mx/lib/./proc/32MX534F064H/crt0_mips32r2.o

.stack          0xa0000708      0x400
 .stack         0xa0000708      0x400 stack

._debug_exception
                0xbfc00480       0x2c
 ._debug_exception
                0xbfc00480       0x2c c:/program files (x86)/microchip/xc32/v1.33/bin/bin/../../lib/gcc/pic32mx/4.5.2/../../../../pic32mx/lib/size/mips16/no-float\debug-exception-return.o
                0xbfc00480                __DbgExecReturn

.text.USBDeviceTasks
                0x9d000000      0xd58
 .text.USBDeviceTasks
                0x9d000000      0xd58 build/PIC32/production/usb/usb_device.o
                0x9d000001                USBDeviceTasks

.rodata         0x9d000d58      0x7d4
 .rodata        0x9d000d58      0x7d4 c:/program files (x86)/microchip/xc32/v1.33/bin/bin/../../lib/gcc/pic32mx/4.5.2/../../../../pic32mx/lib/size/mips16/no-float\libmchp_peripheral_32MX534F064H.a(int_tbl_lib.o)
                0x9d000d58                __IntSrcTbl
                0x9d001274                __IntVectorTbl

.text.USBDeviceInit
                0x9d00152c      0x1a8
 .text.USBDeviceInit
                0x9d00152c      0x1a8 build/PIC32/production/usb/usb_device.o
                0x9d00152d                USBDeviceInit

.text.mcuInit   0x9d0016d4      0x194
 .text.mcuInit  0x9d0016d4      0x194 build/PIC32/production/PIC32MX534F064H.o
                0x9d0016d5                mcuInit

.text.ProcessIO
                0x9d001868      0x14c
 .text.ProcessIO
                0x9d001868      0x14c build/PIC32/production/io.o
                0x9d001869                ProcessIO

.text.displayTasts
                0x9d0019b4      0x144
 .text.displayTasts
                0x9d0019b4      0x144 build/PIC32/production/main.o
                0x9d0019b5                displayTasts

.text.main      0x9d001af8      0x13c
 .text.main     0x9d001af8      0x13c build/PIC32/production/main.o
                0x9d001af9                main

.text._NVMOperation
                0x9d001c34      0x100
 .text._NVMOperation
                0x9d001c34      0x100 c:/program files (x86)/microchip/xc32/v1.33/bin/bin/../../lib/gcc/pic32mx/4.5.2/../../../../pic32mx/lib/size/mips16/no-float\libmchp_peripheral_32MX534F064H.a(nvm_operation_lib.o)
                0x9d001c34                _NVMOperation

.text.USBCtrlEPAllowStatusStage
                0x9d001d34       0xe4
 .text.USBCtrlEPAllowStatusStage
                0x9d001d34       0xe4 build/PIC32/production/usb/usb_device.o
                0x9d001d35                USBCtrlEPAllowStatusStage

.text.USBCheckHIDRequest
                0x9d001e18       0xd4
 .text.USBCheckHIDRequest
                0x9d001e18       0xd4 build/PIC32/production/usb/usb_function_hid.o
                0x9d001e19                USBCheckHIDRequest

.rodata         0x9d001eec       0xd0
 .rodata        0x9d001eec       0xd0 build/PIC32/production/usb/usb_descriptors.o
                0x9d001eec                device_dsc
                0x9d001f00                configDescriptor1
                0x9d001f2c                sd000
                0x9d001f30                sd001
                0x9d001f50                sd002
                0x9d001f90                hid_rpt01
                0x9d001fac                USB_CD_Ptr
                0x9d001fb0                USB_SD_Ptr

.text.mcuWriteFlashRecord
                0x9d001fbc       0xd0
 .text.mcuWriteFlashRecord
                0x9d001fbc       0xd0 build/PIC32/production/PIC32MX534F064H.o
                0x9d001fbd                mcuWriteFlashRecord

.text.USBTransferOnePacket
                0x9d00208c       0xc8
 .text.USBTransferOnePacket
                0x9d00208c       0xc8 build/PIC32/production/usb/usb_device.o
                0x9d00208d                USBTransferOnePacket

.text.USBCtrlEPAllowDataStage
                0x9d002154       0xc8
 .text.USBCtrlEPAllowDataStage
                0x9d002154       0xc8 build/PIC32/production/usb/usb_device.o
                0x9d002155                USBCtrlEPAllowDataStage

.text.SpiChnOpen
                0x9d00221c       0xbc
 .text.SpiChnOpen
                0x9d00221c       0xbc c:/program files (x86)/microchip/xc32/v1.33/bin/bin/../../lib/gcc/pic32mx/4.5.2/../../../../pic32mx/lib/size/mips16/no-float\libmchp_peripheral_32MX534F064H.a(spi_chn_open_lib.o)
                0x9d00221d                SpiChnOpen

.rodata         0x9d0022d8       0xa0
 .rodata        0x9d0022d8       0xa0 c:/program files (x86)/microchip/xc32/v1.33/bin/bin/../../lib/gcc/pic32mx/4.5.2/../../../../pic32mx/lib/size/mips16/no-float\libmchp_peripheral_32MX534F064H.a(spi_io_tbl_libp.o)
                0x9d0022d8                _SpiIoTbl

.text.OLEDInit  0x9d002378       0x98
 .text.OLEDInit
                0x9d002378       0x98 build/PIC32/production/OLED.o
                0x9d002379                OLEDInit

.text.USBCtrlTrfTxService
                0x9d002410       0x94
 .text.USBCtrlTrfTxService
                0x9d002410       0x94 build/PIC32/production/usb/usb_device.o

.text.SpiChnPutS
                0x9d0024a4       0x6c
 .text.SpiChnPutS
                0x9d0024a4       0x6c c:/program files (x86)/microchip/xc32/v1.33/bin/bin/../../lib/gcc/pic32mx/4.5.2/../../../../pic32mx/lib/size/mips16/no-float\libmchp_peripheral_32MX534F064H.a(spi_chn_puts_lib.o)
                0x9d0024a5                SpiChnPutS

.text.SoftReset
                0x9d002510       0x60
 .text.SoftReset
                0x9d002510       0x60 c:/program files (x86)/microchip/xc32/v1.33/bin/bin/../../lib/gcc/pic32mx/4.5.2/../../../../pic32mx/lib/size/mips16/no-float\libmchp_peripheral_32MX534F064H.a(soft_reset_lib.o)
                0x9d002511                SoftReset

.text.mcuDisableUSB
                0x9d002570       0x58
 .text.mcuDisableUSB
                0x9d002570       0x58 build/PIC32/production/PIC32MX534F064H.o
                0x9d002571                mcuDisableUSB

.dinit          0x9d0025c8       0x50
 .dinit         0x9d0025c8       0x50 data_init

.text.main_entry
                0x9d002618       0x4c
 .text.main_entry
                0x9d002618       0x4c c:/program files (x86)/microchip/xc32/v1.33/bin/bin/../../lib/gcc/pic32mx/4.5.2/../../../../pic32mx/lib/./proc/32MX534F064H/crt0_mips32r2.o
                0x9d002644                __crt0_exit

.text.CalculateCRC
                0x9d002664       0x48
 .text.CalculateCRC
                0x9d002664       0x48 build/PIC32/production/crc.o
                0x9d002665                CalculateCRC

.rodata         0x9d0026ac       0x48
 .rodata        0x9d0026ac       0x48 c:/program files (x86)/microchip/xc32/v1.33/bin/bin/../../lib/gcc/pic32mx/4.5.2/../../../../pic32mx/lib/size/mips16/no-float\libmchp_peripheral_32MX534F064H.a(_ports_tbl_libp.o)
                0x9d0026ac                PortRegTbl

.text._bootstrap_exception_handler
                0x9d0026f4       0x48
 .text._bootstrap_exception_handler
                0x9d0026f4       0x48 c:/program files (x86)/microchip/xc32/v1.33/bin/bin/../../lib/gcc/pic32mx/4.5.2/../../../../pic32mx/lib/size/mips16/no-float\libpic32.a(default-bootstrap-exception-handler.o)
                0x9d0026f4                _bootstrap_exception_handler

.text           0x9d00273c       0x44
 .text          0x9d00273c       0x44 c:/program files (x86)/microchip/xc32/v1.33/bin/bin/../../lib/gcc/pic32mx/4.5.2/../../../../pic32mx/lib/size/mips16/no-float\pic32_software_reset.o
                0x9d00273c                __pic32_software_reset

.text.USBConfigureEndpoint
                0x9d002780       0x40
 .text.USBConfigureEndpoint
                0x9d002780       0x40 build/PIC32/production/usb/usb_device.o

.text.mcuEraseFlash
                0x9d0027c0       0x40
 .text.mcuEraseFlash
                0x9d0027c0       0x40 build/PIC32/production/PIC32MX534F064H.o
                0x9d0027c1                mcuEraseFlash

.text.mcuValidAppPresent
                0x9d002800       0x3c
 .text.mcuValidAppPresent
                0x9d002800       0x3c build/PIC32/production/PIC32MX534F064H.o
                0x9d002801                mcuValidAppPresent

.text.OLEDUpdate
                0x9d00283c       0x3c
 .text.OLEDUpdate
                0x9d00283c       0x3c build/PIC32/production/OLED.o
                0x9d00283d                OLEDUpdate

.text.USBEnableEndpoint
                0x9d002878       0x38
 .text.USBEnableEndpoint
                0x9d002878       0x38 build/PIC32/production/usb/usb_device.o
                0x9d002879                USBEnableEndpoint

.text.mcuProgramComplete
                0x9d0028b0       0x38
 .text.mcuProgramComplete
                0x9d0028b0       0x38 build/PIC32/production/PIC32MX534F064H.o
                0x9d0028b1                mcuProgramComplete

.text.IOInit    0x9d0028e8       0x30
 .text.IOInit   0x9d0028e8       0x30 build/PIC32/production/io.o
                0x9d0028e9                IOInit

.text.memmove   0x9d002918       0x30
 .text.memmove  0x9d002918       0x30 c:/program files (x86)/microchip/xc32/v1.33/bin/bin/../../lib/gcc/pic32mx/4.5.2/../../../../pic32mx/lib/size/mips16/no-float\libc.a(memmove.o)
                0x9d002919                memmove

.text.IOTasks   0x9d002948       0x2c
 .text.IOTasks  0x9d002948       0x2c build/PIC32/production/io.o
                0x9d002949                IOTasks

.text.NVMWriteRow
                0x9d002974       0x2c
 .text.NVMWriteRow
                0x9d002974       0x2c c:/program files (x86)/microchip/xc32/v1.33/bin/bin/../../lib/gcc/pic32mx/4.5.2/../../../../pic32mx/lib/size/mips16/no-float\libmchp_peripheral_32MX534F064H.a(nvm_write_row_lib.o)
                0x9d002975                NVMWriteRow

.text.INTEnable
                0x9d0029a0       0x28
 .text.INTEnable
                0x9d0029a0       0x28 c:/program files (x86)/microchip/xc32/v1.33/bin/bin/../../lib/gcc/pic32mx/4.5.2/../../../../pic32mx/lib/size/mips16/no-float\libmchp_peripheral_32MX534F064H.a(int_tbl_lib.o)
                0x9d0029a1                INTEnable

.text.NVMWriteWord
                0x9d0029c8       0x28
 .text.NVMWriteWord
                0x9d0029c8       0x28 c:/program files (x86)/microchip/xc32/v1.33/bin/bin/../../lib/gcc/pic32mx/4.5.2/../../../../pic32mx/lib/size/mips16/no-float\libmchp_peripheral_32MX534F064H.a(nvm_write_word_lib.o)
                0x9d0029c9                NVMWriteWord

.text.USBCBInitEP
                0x9d0029f0       0x24
 .text.USBCBInitEP
                0x9d0029f0       0x24 build/PIC32/production/usb/usb_driver.o
                0x9d0029f1                USBCBInitEP

.text.USER_USB_CALLBACK_EVENT_HANDLER
                0x9d002a14       0x20
 .text.USER_USB_CALLBACK_EVENT_HANDLER
                0x9d002a14       0x20 build/PIC32/production/usb/usb_driver.o
                0x9d002a15                USER_USB_CALLBACK_EVENT_HANDLER

.rodata         0x9d002a34       0x40
 .rodata        0x9d002a34       0x20 build/PIC32/production/crc.o
 .rodata        0x9d002a54       0x20 build/PIC32/production/OLED.o
                0x9d002a54                OLEDInitBuff

.text.SpiChnIsBusy
                0x9d002a74       0x20
 .text.SpiChnIsBusy
                0x9d002a74       0x20 c:/program files (x86)/microchip/xc32/v1.33/bin/bin/../../lib/gcc/pic32mx/4.5.2/../../../../pic32mx/lib/size/mips16/no-float\libmchp_peripheral_32MX534F064H.a(spi_chn_is_busy_lib.o)
                0x9d002a75                SpiChnIsBusy

.text.NVMErasePage
                0x9d002a94       0x20
 .text.NVMErasePage
                0x9d002a94       0x20 c:/program files (x86)/microchip/xc32/v1.33/bin/bin/../../lib/gcc/pic32mx/4.5.2/../../../../pic32mx/lib/size/mips16/no-float\libmchp_peripheral_32MX534F064H.a(nvm_erase_page_lib.o)
                0x9d002a95                NVMErasePage

.text.PORTSetPinsDigitalIn
                0x9d002ab4       0x20
 .text.PORTSetPinsDigitalIn
                0x9d002ab4       0x20 c:/program files (x86)/microchip/xc32/v1.33/bin/bin/../../lib/gcc/pic32mx/4.5.2/../../../../pic32mx/lib/size/mips16/no-float\libmchp_peripheral_32MX534F064H.a(port_set_pins_digital_in_lib.o)
                0x9d002ab5                PORTSetPinsDigitalIn

.text.PORTSetPinsDigitalOut
                0x9d002ad4       0x20
 .text.PORTSetPinsDigitalOut
                0x9d002ad4       0x20 c:/program files (x86)/microchip/xc32/v1.33/bin/bin/../../lib/gcc/pic32mx/4.5.2/../../../../pic32mx/lib/size/mips16/no-float\libmchp_peripheral_32MX534F064H.a(port_set_pins_digital_out_lib.o)
                0x9d002ad5                PORTSetPinsDigitalOut

.text.DelayTicks
                0x9d002af4       0x1c
 .text.DelayTicks
                0x9d002af4       0x1c build/PIC32/production/PIC32MX534F064H.o
                0x9d002af5                DelayTicks

.text.INTRestoreInterrupts
                0x9d002b10       0x1c
 .text.INTRestoreInterrupts
                0x9d002b10       0x1c c:/program files (x86)/microchip/xc32/v1.33/bin/bin/../../lib/gcc/pic32mx/4.5.2/../../../../pic32mx/lib/size/mips16/no-float\libmchp_peripheral_32MX534F064H.a(int_restore_interrupts_lib.o)
                0x9d002b10                INTRestoreInterrupts

.text.USBDriverInit
                0x9d002b2c       0x18
 .text.USBDriverInit
                0x9d002b2c       0x18 build/PIC32/production/usb/usb_driver.o
                0x9d002b2d                USBDriverInit

.text.INTClearFlag
                0x9d002b44       0x18
 .text.INTClearFlag
                0x9d002b44       0x18 c:/program files (x86)/microchip/xc32/v1.33/bin/bin/../../lib/gcc/pic32mx/4.5.2/../../../../pic32mx/lib/size/mips16/no-float\libmchp_peripheral_32MX534F064H.a(int_tbl_lib.o)
                0x9d002b45                INTClearFlag

.text           0x9d002b5c       0x18
 .text          0x9d002b5c       0x18 c:/program files (x86)/microchip/xc32/v1.33/bin/bin/../../lib/gcc/pic32mx/4.5.2/../../../../pic32mx/lib/size/mips16/no-float\libpic32.a(default-nmi-handler.o)
                0x9d002b5c                _nmi_handler

.text.memcpy    0x9d002b74       0x18
 .text.memcpy   0x9d002b74       0x18 c:/program files (x86)/microchip/xc32/v1.33/bin/bin/../../lib/gcc/pic32mx/4.5.2/../../../../pic32mx/lib/size/mips16/no-float\libc.a(memcpy.o)
                0x9d002b75                memcpy

.text.mcuJumpToApp
                0x9d002b8c       0x14
 .text.mcuJumpToApp
                0x9d002b8c       0x14 build/PIC32/production/PIC32MX534F064H.o
                0x9d002b8d                mcuJumpToApp

.rodata         0x9d002ba0       0x14
 .rodata        0x9d002ba0       0x14 c:/program files (x86)/microchip/xc32/v1.33/bin/bin/../../lib/gcc/pic32mx/4.5.2/../../../../pic32mx/lib/size/mips16/no-float\libmchp_peripheral_32MX534F064H.a(spi_map_tbl_libp.o)
                0x9d002ba0                _SpiMapTbl

.text.memset    0x9d002bb4       0x14
 .text.memset   0x9d002bb4       0x14 c:/program files (x86)/microchip/xc32/v1.33/bin/bin/../../lib/gcc/pic32mx/4.5.2/../../../../pic32mx/lib/size/mips16/no-float\libc.a(memset.o)
                0x9d002bb5                memset

.text.mcuSPIWait
                0x9d002bc8       0x10
 .text.mcuSPIWait
                0x9d002bc8       0x10 build/PIC32/production/PIC32MX534F064H.o
                0x9d002bc9                mcuSPIWait

.text.OpenCoreTimer
                0x9d002bd8        0xc
 .text.OpenCoreTimer
                0x9d002bd8        0xc c:/program files (x86)/microchip/xc32/v1.33/bin/bin/../../lib/gcc/pic32mx/4.5.2/../../../../pic32mx/lib/size/mips16/no-float\libmchp_peripheral.a(open_core_timer_lib.o)
                0x9d002bd8                OpenCoreTimer

.text.ReadCoreTimer
                0x9d002be4        0x8
 .text.ReadCoreTimer
                0x9d002be4        0x8 c:/program files (x86)/microchip/xc32/v1.33/bin/bin/../../lib/gcc/pic32mx/4.5.2/../../../../pic32mx/lib/size/mips16/no-float\libmchp_peripheral.a(read_core_timer_lib.o)
                0x9d002be4                ReadCoreTimer

.text.INTDisableInterrupts
                0x9d002bec        0x8
 .text.INTDisableInterrupts
                0x9d002bec        0x8 c:/program files (x86)/microchip/xc32/v1.33/bin/bin/../../lib/gcc/pic32mx/4.5.2/../../../../pic32mx/lib/size/mips16/no-float\libmchp_peripheral_32MX534F064H.a(int_disable_interrupts_lib.o)
                0x9d002bec                INTDisableInterrupts

.text._on_reset
                0x9d002bf4        0x4
 .text._on_reset
                0x9d002bf4        0x4 c:/program files (x86)/microchip/xc32/v1.33/bin/bin/../../lib/gcc/pic32mx/4.5.2/../../../../pic32mx/lib/size/mips16/no-float\libpic32.a(default-on-reset.o)
                0x9d002bf5                _on_reset

.text._on_bootstrap
                0x9d002bf8        0x4
 .text._on_bootstrap
                0x9d002bf8        0x4 c:/program files (x86)/microchip/xc32/v1.33/bin/bin/../../lib/gcc/pic32mx/4.5.2/../../../../pic32mx/lib/size/mips16/no-float\libpic32.a(default-on-bootstrap.o)
                0x9d002bf9                _on_bootstrap
